******************************************************************************
                  TI ARM Linker PC v16.6.0                     
******************************************************************************
>> Linked Sat Aug 13 17:58:27 2016

OUTPUT FILE NAME:   <rfWsnConcentrator_CC1310DK_7XD_TI_CC1310F128.out>
ENTRY POINT SYMBOL: "ResetISR"  address: 00007b21


MEMORY CONFIGURATION

         name            origin    length      used     unused   attr    fill
----------------------  --------  ---------  --------  --------  ----  --------
  FLASH                 00000000   00020000  0000a123  00015edd  R  X
  SRAM                  20000000   00005000  00002a5b  000025a5  RW X


SEGMENT ALLOCATION MAP

run origin  load origin   length   init length attrs members
----------  ----------- ---------- ----------- ----- -------
00000000    00000000    000003e0   000003e0    r--
  00000000    00000000    0000003c   0000003c    r-- .resetVecs
  00000040    00000040    000003a0   000003a0    r-- .cinit
00001000    00001000    00009cfb   00009cfb    r-x
  00001000    00001000    0000003c   0000003c    r-- .const:ti_sysbios_knl_Task_Object__PARAMS__C
  0000103c    0000103c    00000034   00000034    r-- .const:ti_sysbios_knl_Mailbox_Object__PARAMS__C
  00001070    00001070    00000030   00000030    r-- .const:ti_sysbios_family_arm_m3_Hwi_Object__PARAMS__C
  000010a0    000010a0    0000002c   0000002c    r-- .const:ti_sysbios_hal_Hwi_Object__PARAMS__C
  000010cc    000010cc    00000028   00000028    r-- .const:ti_sysbios_heaps_HeapMem_Module__FXNS__C
  000010f4    000010f4    00000028   00000028    r-- .const:ti_sysbios_knl_Swi_Object__PARAMS__C
  0000111c    0000111c    00000024   00000024    r-- .const:ti_sysbios_gates_GateHwi_Module__FXNS__C
  00001140    00001140    00000024   00000024    r-- .const:ti_sysbios_gates_GateMutex_Module__FXNS__C
  00001164    00001164    00000024   00000024    r-- .const:ti_sysbios_heaps_HeapMem_Object__PARAMS__C
  00001188    00001188    00000024   00000024    r-- .const:ti_sysbios_knl_Clock_Object__PARAMS__C
  000011ac    000011ac    00000024   00000024    r-- .const:ti_sysbios_knl_Semaphore_Object__PARAMS__C
  000011d0    000011d0    00000020   00000020    r-- .const:ti_sysbios_family_arm_m3_Hwi_Object__DESC__C
  000011f0    000011f0    00000020   00000020    r-- .const:ti_sysbios_gates_GateHwi_Object__DESC__C
  00001210    00001210    00000020   00000020    r-- .const:ti_sysbios_gates_GateMutex_Object__DESC__C
  00001230    00001230    00000020   00000020    r-- .const:ti_sysbios_hal_Hwi_Object__DESC__C
  00001250    00001250    00000020   00000020    r-- .const:ti_sysbios_heaps_HeapMem_Object__DESC__C
  00001270    00001270    00000020   00000020    r-- .const:ti_sysbios_knl_Clock_Object__DESC__C
  00001290    00001290    00000020   00000020    r-- .const:ti_sysbios_knl_Mailbox_Object__DESC__C
  000012b0    000012b0    00000020   00000020    r-- .const:ti_sysbios_knl_Queue_Object__DESC__C
  000012d0    000012d0    00000020   00000020    r-- .const:ti_sysbios_knl_Semaphore_Object__DESC__C
  000012f0    000012f0    00000020   00000020    r-- .const:ti_sysbios_knl_Swi_Object__DESC__C
  00001310    00001310    00000020   00000020    r-- .const:ti_sysbios_knl_Task_Object__DESC__C
  00001330    00001330    00000018   00000018    r-- .const:ti_sysbios_gates_GateHwi_Object__PARAMS__C
  00001348    00001348    00000018   00000018    r-- .const:ti_sysbios_gates_GateMutex_Object__PARAMS__C
  00001360    00001360    00000018   00000018    r-- .const:ti_sysbios_knl_Queue_Object__PARAMS__C
  00001378    00001378    00000008   00000008    r-- .const:ti_sysbios_knl_Idle_funcList__C
  00001384    00001384    00000004   00000004    r-- .const:ti_sysbios_family_arm_cc26xx_Timer_startupNeeded__C
  00001388    00001388    00000004   00000004    r-- .const:ti_sysbios_family_arm_m3_Hwi_E_alreadyDefined__C
  0000138c    0000138c    00000004   00000004    r-- .const:ti_sysbios_family_arm_m3_Hwi_E_hwiLimitExceeded__C
  00001390    00001390    00000004   00000004    r-- .const:ti_sysbios_family_arm_m3_Hwi_NUM_INTERRUPTS__C
  00001394    00001394    00000004   00000004    r-- .const:ti_sysbios_family_arm_m3_Hwi_Object__count__C
  00001398    00001398    00000004   00000004    r-- .const:ti_sysbios_family_arm_m3_Hwi_Object__table__C
  0000139c    0000139c    00000004   00000004    r-- .const:ti_sysbios_family_arm_m3_Hwi_ccr__C
  000013a0    000013a0    00000004   00000004    r-- .const:ti_sysbios_family_arm_m3_Hwi_excHandlerFunc__C
  000013a4    000013a4    00000004   00000004    r-- .const:ti_sysbios_family_arm_m3_Hwi_nullIsrFunc__C
  000013a8    000013a8    00000004   00000004    r-- .const:ti_sysbios_family_arm_m3_Hwi_numSparseInterrupts__C
  000013ac    000013ac    00000004   00000004    r-- .const:ti_sysbios_family_arm_m3_Hwi_priGroup__C
  000013b0    000013b0    00000004   00000004    r-- .const:ti_sysbios_family_arm_m3_TaskSupport_stackAlignment__C
  000013b4    000013b4    00000004   00000004    r-- .const:ti_sysbios_heaps_HeapMem_E_memory__C
  000013b8    000013b8    00000004   00000004    r-- .const:ti_sysbios_heaps_HeapMem_Module__gateObj__C
  000013bc    000013bc    00000004   00000004    r-- .const:ti_sysbios_heaps_HeapMem_Object__count__C
  000013c0    000013c0    00000004   00000004    r-- .const:ti_sysbios_heaps_HeapMem_Object__table__C
  000013c4    000013c4    00000004   00000004    r-- .const:ti_sysbios_heaps_HeapMem_reqAlign__C
  000013c8    000013c8    00000004   00000004    r-- .const:ti_sysbios_knl_Clock_serviceMargin__C
  000013cc    000013cc    00000004   00000004    r-- .const:ti_sysbios_knl_Mailbox_Object__count__C
  000013d0    000013d0    00000004   00000004    r-- .const:ti_sysbios_knl_Mailbox_Object__table__C
  000013d4    000013d4    00000004   00000004    r-- .const:ti_sysbios_knl_Mailbox_maxTypeAlign__C
  000013d8    000013d8    00000004   00000004    r-- .const:ti_sysbios_knl_Queue_Object__count__C
  000013dc    000013dc    00000004   00000004    r-- .const:ti_sysbios_knl_Queue_Object__table__C
  000013e0    000013e0    00000004   00000004    r-- .const:ti_sysbios_knl_Swi_Object__count__C
  000013e4    000013e4    00000004   00000004    r-- .const:ti_sysbios_knl_Swi_Object__table__C
  000013e8    000013e8    00000004   00000004    r-- .const:ti_sysbios_knl_Swi_numPriorities__C
  000013ec    000013ec    00000004   00000004    r-- .const:ti_sysbios_knl_Task_Object__count__C
  000013f0    000013f0    00000004   00000004    r-- .const:ti_sysbios_knl_Task_Object__table__C
  000013f4    000013f4    00000004   00000004    r-- .const:ti_sysbios_knl_Task_allBlockedFunc__C
  000013f8    000013f8    00000004   00000004    r-- .const:ti_sysbios_knl_Task_defaultStackHeap__C
  000013fc    000013fc    00000004   00000004    r-- .const:ti_sysbios_knl_Task_defaultStackSize__C
  00001400    00001400    00000004   00000004    r-- .const:ti_sysbios_knl_Task_numConstructedTasks__C
  00001406    00001406    00000002   00000002    r-- .const:ti_sysbios_family_arm_cc26xx_Timer_Module__id__C
  00001408    00001408    00000002   00000002    r-- .const:ti_sysbios_family_arm_cc26xx_TimestampProvider_useClockTimer__C
  0000140a    0000140a    00000002   00000002    r-- .const:ti_sysbios_family_arm_m3_Hwi_Module__id__C
  0000140c    0000140c    00000002   00000002    r-- .const:ti_sysbios_gates_GateHwi_Module__id__C
  0000140e    0000140e    00000002   00000002    r-- .const:ti_sysbios_gates_GateMutex_Module__id__C
  00001410    00001410    00000002   00000002    r-- .const:ti_sysbios_heaps_HeapMem_Module__id__C
  00001412    00001412    00000002   00000002    r-- .const:ti_sysbios_knl_Task_initStackFlag__C
  00001414    00001414    00000001   00000001    r-- .const:ti_sysbios_knl_Clock_tickMode__C
  00001418    00001418    00000008   00000008    r-- .const:xdc_runtime_Startup_firstFxns__C
  00001420    00001420    00000008   00000008    r-- .const:xdc_runtime_Startup_lastFxns__C
  00001428    00001428    00000004   00000004    r-- .const:xdc_runtime_Assert_E_assertFailed__C
  0000142c    0000142c    00000004   00000004    r-- .const:xdc_runtime_Error_E_memory__C
  00001430    00001430    00000004   00000004    r-- .const:xdc_runtime_Error_policyFxn__C
  00001434    00001434    00000004   00000004    r-- .const:xdc_runtime_IGateProvider_Interface__BASE__C
  00001438    00001438    00000004   00000004    r-- .const:xdc_runtime_IHeap_Interface__BASE__C
  0000143c    0000143c    00000004   00000004    r-- .const:xdc_runtime_IModule_Interface__BASE__C
  00001440    00001440    00000004   00000004    r-- .const:xdc_runtime_Main_Module__diagsEnabled__C
  00001444    00001444    00000004   00000004    r-- .const:xdc_runtime_Main_Module__diagsIncluded__C
  00001448    00001448    00000004   00000004    r-- .const:xdc_runtime_Main_Module__diagsMask__C
  0000144c    0000144c    00000004   00000004    r-- .const:xdc_runtime_Memory_defaultHeapInstance__C
  00001450    00001450    00000004   00000004    r-- .const:xdc_runtime_Startup_execImpl__C
  00001454    00001454    00000004   00000004    r-- .const:xdc_runtime_Startup_maxPasses__C
  00001458    00001458    00000004   00000004    r-- .const:xdc_runtime_Startup_sfxnRts__C
  0000145c    0000145c    00000004   00000004    r-- .const:xdc_runtime_Startup_sfxnTab__C
  00001460    00001460    00000004   00000004    r-- .const:xdc_runtime_Startup_startModsFxn__C
  00001464    00001464    00000004   00000004    r-- .const:xdc_runtime_SysCallback_abortFxn__C
  00001468    00001468    00000004   00000004    r-- .const:xdc_runtime_SysCallback_exitFxn__C
  0000146c    0000146c    00000004   00000004    r-- .const:xdc_runtime_System_abortFxn__C
  00001470    00001470    00000004   00000004    r-- .const:xdc_runtime_System_exitFxn__C
  00001474    00001474    00000004   00000004    r-- .const:xdc_runtime_System_maxAtexitHandlers__C
  00001478    00001478    00000004   00000004    r-- .const:xdc_runtime_Text_charTab__C
  0000147c    0000147c    00000004   00000004    r-- .const:xdc_runtime_Text_nameEmpty__C
  00001480    00001480    00000004   00000004    r-- .const:xdc_runtime_Text_nameStatic__C
  00001484    00001484    00000004   00000004    r-- .const:xdc_runtime_Text_nameUnknown__C
  00001488    00001488    00000002   00000002    r-- .const:xdc_runtime_Main_Module__id__C
  0000148a    0000148a    00000002   00000002    r-- .const:xdc_runtime_Memory_Module__id__C
  0000148c    0000148c    00000002   00000002    r-- .const:xdc_runtime_Text_charCnt__C
  0000148e    0000148e    00000002   00000002    r-- .const:xdc_runtime_Text_isLoaded__C
  00001490    00001490    00000001   00000001    r-- .const:xdc_runtime_Error_policy__C
  00001494    00001494    00000004   00000004    r-- .const:ti_sysbios_rom_ROM_AONRTCChannelEnable
  00001498    00001498    00000004   00000004    r-- .const:ti_sysbios_rom_ROM_AONRTCCompareValueSet
  0000149c    0000149c    00000004   00000004    r-- .const:ti_sysbios_rom_ROM_AONRTCCurrentCompareValueGet
  000014a0    000014a0    00000004   00000004    r-- .const:ti_sysbios_rom_ROM_AONRTCEventClear
  000014a4    000014a4    00000004   00000004    r-- .const:ti_sysbios_rom_ROM_ti_sysbios_family_arm_cc26xx_Timer_getCount64__E
  000014a8    000014a8    00000004   00000004    r-- .const:ti_sysbios_rom_ROM_ti_sysbios_family_arm_cc26xx_Timer_getCurrentTick__E
  000014ac    000014ac    00000004   00000004    r-- .const:ti_sysbios_rom_ROM_ti_sysbios_family_arm_cc26xx_Timer_getMaxTicks__E
  000014b0    000014b0    00000004   00000004    r-- .const:ti_sysbios_rom_ROM_ti_sysbios_family_arm_cc26xx_Timer_initDevice__I
  000014b4    000014b4    00000004   00000004    r-- .const:ti_sysbios_rom_ROM_ti_sysbios_family_arm_cc26xx_Timer_setNextTick__E
  000014b8    000014b8    00000004   00000004    r-- .const:ti_sysbios_rom_ROM_ti_sysbios_family_arm_cc26xx_Timer_setThreshold__I
  000014bc    000014bc    00000004   00000004    r-- .const:ti_sysbios_rom_ROM_ti_sysbios_family_arm_cc26xx_Timer_start__E
  000014c0    000014c0    00000004   00000004    r-- .const:ti_sysbios_rom_ROM_ti_sysbios_family_arm_cc26xx_TimestampProvider_get32__E
  000014c4    000014c4    00000004   00000004    r-- .const:ti_sysbios_rom_ROM_xdc_runtime_Startup_getState__I
  000014c8    000014c8    00000004   00000004    r-- .const:ti_sysbios_rom_ROM_xdc_runtime_System_SupportProxy_abort__E
  000014cc    000014cc    00000004   00000004    r-- .const:ti_sysbios_rom_ROM_xdc_runtime_System_SupportProxy_exit__E
  000014d0    000014d0    00000004   00000004    r-- .const:ti_sysbios_gates_GateMutex_Instance_State_sem__O
  000014d4    000014d4    00000004   00000004    r-- .const:ti_sysbios_knl_Clock_Module_State_clockQ__O
  000014d8    000014d8    00000004   00000004    r-- .const:ti_sysbios_knl_Mailbox_Instance_State_dataQue__O
  000014dc    000014dc    00000004   00000004    r-- .const:ti_sysbios_knl_Mailbox_Instance_State_dataSem__O
  000014e0    000014e0    00000004   00000004    r-- .const:ti_sysbios_knl_Mailbox_Instance_State_freeQue__O
  000014e4    000014e4    00000004   00000004    r-- .const:ti_sysbios_knl_Mailbox_Instance_State_freeSem__O
  000014e8    000014e8    00000004   00000004    r-- .const:ti_sysbios_knl_Semaphore_Instance_State_pendQ__O
  000014ec    000014ec    00000004   00000004    r-- .const:ti_sysbios_knl_Task_Module_State_inactiveQ__O
  000014f0    000014f0    00007d40   00007d40    r-x .text
  00009230    00009230    00001acb   00001acb    r-- .const
0001ffa8    0001ffa8    00000058   00000058    r--
  0001ffa8    0001ffa8    00000058   00000058    r-- .ccfg
20000000    20000000    000000c8   00000000    rw-
  20000000    20000000    000000c8   00000000    rw- .vecs
20000100    20000100    00000104   00000000    rw-
  20000100    20000100    00000044   00000000    rw- .data:ti_sysbios_knl_Task_Module__state__V
  20000144    20000144    00000034   00000000    rw- .data:ti_sysbios_family_arm_m3_Hwi_Module__state__V
  20000178    20000178    0000002c   00000000    rw- .data:ti_sysbios_knl_Clock_Module__state__V
  200001a4    200001a4    00000024   00000000    rw- .data:ti_sysbios_BIOS_Module__state__V
  200001c8    200001c8    0000001c   00000000    rw- .data:ti_sysbios_knl_Swi_Module__state__V
  200001e4    200001e4    00000008   00000000    rw- .data:ti_sysbios_family_arm_cc26xx_Timer_Module__state__V
  200001ec    200001ec    00000004   00000000    rw- .data:ti_sysbios_family_arm_cc26xx_TimestampProvider_Module__state__V
  200001f0    200001f0    00000008   00000000    rw- .data:xdc_runtime_Startup_Module__state__V
  200001f8    200001f8    00000008   00000000    rw- .data:xdc_runtime_System_Module__state__V
  20000200    20000200    00000004   00000000    rw- .data:xdc_runtime_Memory_Module__state__V
20000430    20000430    00000010   00000000    rw-
  20000430    20000430    00000010   00000000    rw- .TI.bound:dmaSpi0RxControlTableEntry
20000440    20000440    00000010   00000000    rw-
  20000440    20000440    00000010   00000000    rw- .TI.bound:dmaSpi0TxControlTableEntry
20000500    20000500    00000010   00000000    rw-
  20000500    20000500    00000010   00000000    rw- .TI.bound:dmaSpi1RxControlTableEntry
20000510    20000510    00002562   00000000    rw-
  20000510    20000510    00000010   00000000    rw- .TI.bound:dmaSpi1TxControlTableEntry
  20000520    20000520    00001f65   00000000    rw- .bss
  20002488    20002488    000005ea   00000000    rw- .data
20004d00    20004d00    00000300   00000000    rw-
  20004d00    20004d00    00000300   00000000    rw- .stack


SECTION ALLOCATION MAP

 output                                  attributes/
section   page    origin      length       input sections
--------  ----  ----------  ----------   ----------------
.cinit     0    00000040    000003a0     
                  00000040    00000216     (.cinit..data.load) [load image, compression = lzss]
                  00000256    00000028     (.cinit..data:ti_sysbios_family_arm_m3_Hwi_Module__state__V.load) [load image, compression = lzss]
                  0000027e    00000021     (.cinit..data:ti_sysbios_knl_Task_Module__state__V.load) [load image, compression = lzss]
                  0000029f    0000001f     (.cinit..data:ti_sysbios_BIOS_Module__state__V.load) [load image, compression = lzss]
                  000002be    0000001e     (.cinit..data:ti_sysbios_knl_Clock_Module__state__V.load) [load image, compression = lzss]
                  000002dc    00000010     (.cinit..data:ti_sysbios_knl_Swi_Module__state__V.load) [load image, compression = lzss]
                  000002ec    0000000c     (__TI_handler_table)
                  000002f8    0000000b     (.cinit..data:ti_sysbios_family_arm_cc26xx_Timer_Module__state__V.load) [load image, compression = lzss]
                  00000303    00000005     --HOLE-- [fill = 0]
                  00000308    00000008     (.cinit..TI.bound:dmaSpi0RxControlTableEntry.load) [load image, compression = zero_init]
                  00000310    00000008     (.cinit..TI.bound:dmaSpi0TxControlTableEntry.load) [load image, compression = zero_init]
                  00000318    00000008     (.cinit..TI.bound:dmaSpi1RxControlTableEntry.load) [load image, compression = zero_init]
                  00000320    00000008     (.cinit..TI.bound:dmaSpi1TxControlTableEntry.load) [load image, compression = zero_init]
                  00000328    00000008     (.cinit..bss.load) [load image, compression = zero_init]
                  00000330    00000008     (.cinit..data:xdc_runtime_Memory_Module__state__V.load) [load image, compression = lzss]
                  00000338    00000008     (.cinit..vecs.load) [load image, compression = zero_init]
                  00000340    00000007     (.cinit..data:ti_sysbios_family_arm_cc26xx_TimestampProvider_Module__state__V.load) [load image, compression = lzss]
                  00000347    00000007     (.cinit..data:xdc_runtime_Startup_Module__state__V.load) [load image, compression = lzss]
                  0000034e    00000007     (.cinit..data:xdc_runtime_System_Module__state__V.load) [load image, compression = lzss]
                  00000355    00000003     --HOLE-- [fill = 0]
                  00000358    00000088     (__TI_cinit_table)

.text      0    000014f0    00007d40     
                  000014f0    0000037c     rf_singleMode_cc13xxware.aem3 : RFCC26XX_singleMode.oem3 (.text:fsmActiveState)
                  0000186c    0000033c     rom_sysbios.aem3 : rom_sysbios.obj (.text:xdc_runtime_System_doPrint__I)
                  00001ba8    00000250     EasyLink.obj (.text:EasyLink_init)
                  00001df8    00000230     driverlib.lib : sys_ctrl.obj (.text:NOROM_SysCtrlSetRechargeBeforePowerDown)
                  00002028    00000228     drivers_cc13xxware.aem3 : PowerCC26XX.oem3 (.text:Power_sleep)
                  00002250    000001f4     rtsv7M3_T_le_eabi.lib : ull_div_t2.obj (.text)
                  00002444    000001ec     drivers_cc13xxware.aem3 : PowerCC26XX_calibrateRCOSC.oem3 (.text:calibrateRcoscHf1)
                  00002630    000001c4                             : PINCC26XX.oem3 (.text:PIN_init)
                  000027f4    000001b6     rtsv7M3_T_le_eabi.lib : fd_add_t2.obj (.text)
                  000029aa    00000002     display.aem3 : DisplayUart.oem3 (.text:DisplayUart_clear)
                  000029ac    000001b0     rf_singleMode_cc13xxware.aem3 : RFCC26XX_singleMode.oem3 (.text:RF_postCmd)
                  00002b5c    000001a0     drivers_cc13xxware.aem3 : PowerCC26XX_calibrateRCOSC.oem3 (.text:PowerCC26XX_doCalibrate)
                  00002cfc    00000190                             : UARTCC26XX.oem3 (.text:UARTCC26XX_open)
                  00002e8c    00000190     EasyLink.obj (.text:rxDoneCallback)
                  0000301c    00000170     EasyLink.obj (.text:EasyLink_receiveAsync)
                  0000318c    0000016c     ConcentratorTask.obj (.text:updateLcd)
                  000032f8    00000168     rfExamples_pem3.oem3 (.text:xdc_runtime_System_printfExtend__I)
                  00003460    00000160     drivers_cc13xxware.aem3 : SPICC26XXDMA.oem3 (.text:SPICC26XXDMA_initIO)
                  000035c0    00000148                             : SPICC26XXDMA.oem3 (.text:SPICC26XXDMA_open)
                  00003708    00000140     EasyLink.obj (.text:EasyLink_transmit)
                  00003848    00000138     ConcentratorRadioTask.obj (.text:concentratorRadioTaskFunction)
                  00003980    00000130     driverlib.lib : setup.obj (.text:NOROM_SetupAfterColdResetWakeupFromShutDownCfg3)
                  00003ab0    0000012c     drivers_cc13xxware.aem3 : PowerCC26XX.oem3 (.text:Power_init)
                  00003bdc    00000128     rf_singleMode_cc13xxware.aem3 : RFCC26XX_singleMode.oem3 (.text:rf_init)
                  00003d04    00000128     smartrf_settings.obj (.text:rf_patch_rfe_genfsk)
                  00003e2c    00000128     smartrf_settings_predefined.obj (.text:rf_patch_rfe_genfsk)
                  00003f54    00000118     rf_singleMode_cc13xxware.aem3 : RFCC26XX_singleMode.oem3 (.text:fsmSetupState)
                  0000406c    00000118                                   : RFCC26XX_singleMode.oem3 (.text:hwiFxnCpe0Active)
                  00004184    00000108                                   : RFCC26XX_singleMode.oem3 (.text:RF_close)
                  0000428c    000000fc     drivers_cc13xxware.aem3 : UARTCC26XX.oem3 (.text:UARTCC26XX_write)
                  00004388    000000fc     rtsv7M3_T_le_eabi.lib : fd_mul_t2.obj (.text)
                  00004484    000000ec     driverlib.lib : setup.obj (.text:NOROM_SetupAfterColdResetWakeupFromShutDownCfg2)
                  00004570    000000ec     drivers_cc13xxware.aem3 : SPICC26XXDMA.oem3 (.text:SPICC26XXDMA_transferCancel)
                  0000465c    000000ec                             : UARTCC26XX.oem3 (.text:UARTCC26XX_hwiIntFxn)
                  00004748    000000ec     ConcentratorTask.obj (.text:concentratorTaskFunction)
                  00004834    000000e8     rom_sysbios.aem3 : rom_sysbios.obj (.text:ti_sysbios_knl_Event_pend__E)
                  0000491c    000000d8     EasyLink.obj (.text:EasyLink_enableRxAddrFilter)
                  000049f4    000000d8     driverlib.lib : rfc.obj (.text:NOROM_RFCRTrim)
                  00004acc    000000d8     rf_singleMode_cc13xxware.aem3 : RFCC26XX_singleMode.oem3 (.text:fsmPowerUpState)
                  00004ba4    000000d4     driverlib.lib : rfc.obj (.text:NOROM_RFCRfTrimRead)
                  00004c78    000000d4     drivers_cc13xxware.aem3 : PowerCC26XX.oem3 (.text:Power_releaseDependency)
                  00004d4c    000000d4                             : SPICC26XXDMA.oem3 (.text:SPICC26XXDMA_configDMA)
                  00004e20    000000d0                             : PowerCC26XX.oem3 (.text:Power_setDependency)
                  00004ef0    000000cc     EasyLink.obj (.text:EasyLink_setFrequency)
                  00004fbc    000000cc     driverlib.lib : setup.obj (.text:TrimAfterColdResetWakeupFromShutDown)
                  00005088    000000c8     drivers_cc13xxware.aem3 : UARTCC26XX.oem3 (.text:UARTCC26XX_initHw)
                  00005150    000000c4     lcd.aem3 : LCDDogm1286.oem3 (.text:LCD_open)
                  00005214    000000c4     rf_singleMode_cc13xxware.aem3 : RFCC26XX_singleMode.oem3 (.text:RF_open)
                  000052d8    000000c4     drivers_cc13xxware.aem3 : SPICC26XXDMA.oem3 (.text:SPICC26XXDMA_transfer)
                  0000539c    000000bc     ConcentratorRadioTask.obj (.text:ConcentratorRadioTask_init)
                  00005458    000000bc     power_cc13xx_tirtos.aem3 : PowerCC26XX_tirtos.oem3 (.text:PowerCC26XX_standbyPolicy)
                  00005514    000000bc     drivers_cc13xxware.aem3 : UARTCC26XX.oem3 (.text:UARTCC26XX_read)
                  000055d0    000000b8                             : PINCC26XX.oem3 (.text:PINCC26XX_setIoCfg)
                  00005688    000000a8     lcd.aem3 : LCDDogm1286.oem3 (.text:LCD_doBufferPrintString)
                  00005730    000000a8     rf_singleMode_cc13xxware.aem3 : RFCC26XX_singleMode.oem3 (.text:swiFxnHw)
                  000057d8    000000a4     driverlib.lib : setup.obj (.text:NOROM_SetupTrimDevice)
                  0000587c    000000a2     drivers_cc13xxware.aem3 : SPICC26XXDMA.oem3 (.text:SPICC26XXDMA_hwiFxn)
                  0000591e    00000002     display.aem3 : DisplayUart.oem3 (.text:DisplayUart_clearLines)
                  00005920    000000a0     driverlib.lib : setup.obj (.text:NOROM_SetupAfterColdResetWakeupFromShutDownCfg1)
                  000059c0    000000a0     auto_init.aem3 : auto_init.oem3 (.text)
                  00005a60    0000009c     rtsv7M3_T_le_eabi.lib : memcpy_t2.obj (.text)
                  00005afc    00000098     rom_sysbios.aem3 : rom_sysbios.obj (.text:ti_sysbios_knl_Clock_workFuncDynamic__E)
                  00005b94    00000094     display.aem3 : DisplayDogm1286.oem3 (.text:DisplayDogm1286_open)
                  00005c28    00000094     drivers_cc13xxware.aem3 : PINCC26XX.oem3 (.text:PIN_open)
                  00005cbc    00000094                             : UARTCC26XX.oem3 (.text:writeFinishedDoCallback)
                  00005d50    00000092     display.aem3 : DisplayDogm1286.oem3 (.text:DisplayDogm1286_put5)
                  00005de2    00000002     drivers_cc13xxware.aem3 : SPICC26XXDMA.oem3 (.text:SPICC26XXDMA_serviceISR)
                  00005de4    00000090                             : PowerCC26XX.oem3 (.text:switchXOSCHFclockFunc)
                  00005e74    0000008c                             : SPICC26XXDMA.oem3 (.text:SPICC26XXDMA_control)
                  00005f00    0000008c                             : UARTCC26XX.oem3 (.text:UARTCC26XX_initIO)
                  00005f8c    0000008c                             : UARTCC26XX.oem3 (.text:UARTCC26XX_writeCancel)
                  00006018    0000008c                             : PowerCC26XX.oem3 (.text:disableLFClockQualifiers)
                  000060a4    0000008c     ConcentratorTask.obj (.text:updateNode)
                  00006130    00000088     drivers_cc13xxware.aem3 : PowerCC26XX_calibrateRCOSC.oem3 (.text:calibrateRcoscHf2)
                  000061b8    00000086     rtsv7M3_T_le_eabi.lib : fd_cmp_t2.obj (.text:__aeabi_cdcmple)
                  0000623e    00000086                           : fd_cmp_t2.obj (.text:__aeabi_cdrcmple)
                  000062c4    00000084     ConcentratorTask.obj (.text:packetReceivedCallback)
                  00006348    00000084     ConcentratorRadioTask.obj (.text:rxDoneCallback)
                  000063cc    00000080     rf_singleMode_cc13xxware.aem3 : RFCC26XX_singleMode.oem3 (.text:RF_pendCmd)
                  0000644c    0000007a     rtsv7M3_T_le_eabi.lib : memset_t2.obj (.text)
                  000064c6    00000078     lcd.aem3 : LCDDogm1286.oem3 (.text:LCD_bufferClearPart)
                  0000653e    00000002     rf_singleMode_cc13xxware.aem3 : RFCC26XX_singleMode.oem3 (.text:defaultErrCb)
                  00006540    00000078     drivers_cc13xxware.aem3 : UARTCC26XX.oem3 (.text:UARTCC26XX_close)
                  000065b8    00000074                             : PowerCC26XX_calibrateRCOSC.oem3 (.text:PowerCC26XX_auxISR)
                  0000662c    00000074     rf_singleMode_cc13xxware.aem3 : RFCC26XX_singleMode.oem3 (.text:fsmPowerDownState)
                  000066a0    00000074     rom_sysbios.aem3 : rom_sysbios.obj (.text:ti_sysbios_family_arm_cc26xx_Timer_start__E)
                  00006714    00000074     drivers_cc13xxware.aem3 : UARTCC26XX.oem3 (.text:writeTxFifoFlush)
                  00006788    00000072     lcd.aem3 : LCDDogm1286.oem3 (.text:LCD_doUpdate)
                  000067fa    00000002     drivers_cc13xxware.aem3 : PowerCC26XX.oem3 (.text:emptyClockFunc)
                  000067fc    00000070     driverlib.lib : chipinfo.obj (.text:NOROM_ChipInfo_GetHwRevision)
                  0000686c    00000070                   : setup.obj (.text:NOROM_SetupSetVddrLevel)
                  000068dc    00000070     drivers_cc13xxware.aem3 : UARTCC26XX.oem3 (.text:UARTCC26XX_readCancel)
                  0000694c    00000070     rom_sysbios.aem3 : rom_sysbios.obj (.text:ti_sysbios_knl_Event_post__E)
                  000069bc    0000006d                      : rom_sysbios.obj (.text:xdc_runtime_System_formatNum__I)
                  00006a29    00000001     --HOLE-- [fill = 0]
                  00006a2a    00000002     smartrf_settings.obj (.text:enterGenfskSysPatch)
                  00006a2c    0000006c     ConcentratorTask.obj (.text:ConcentratorTask_init)
                  00006a98    0000006c     lcd.aem3 : LCDDogm1286.oem3 (.text:LCD_initHw)
                  00006b04    0000006c     driverlib.lib : setup.obj (.text:NOROM_SetupGetTrimForAmpcompCtrl)
                  00006b70    0000006c     drivers_cc13xxware.aem3 : PINCC26XX.oem3 (.text:PIN_add)
                  00006bdc    0000006c                             : PowerCC26XX.oem3 (.text:PowerCC26XX_calibrate)
                  00006c48    00000068     driverlib.lib : setup.obj (.text:NOROM_SetupGetTrimForAnabypassValue1)
                  00006cb0    00000068                   : sys_ctrl.obj (.text:NOROM_SysCtrl_DCDC_VoltageConditionalControl)
                  00006d18    00000068     rf_singleMode_cc13xxware.aem3 : RFCC26XX_singleMode.oem3 (.text:RF_getCurrentTime)
                  00006d80    00000066     rtsv7M3_T_le_eabi.lib : copy_decompress_lzss.obj (.text:decompress:lzss)
                  00006de6    00000002     smartrf_settings_predefined.obj (.text:enterGenfskSysPatch)
                  00006de8    00000064     driverlib.lib : osc.obj (.text:NOROM_OSCHF_AttemptToSwitchToXosc)
                  00006e4c    00000064     rf_singleMode_cc13xxware.aem3 : RFCC26XX_singleMode.oem3 (.text:decActiveClientCnt)
                  00006eb0    00000060     driverlib.lib : osc.obj (.text:NOROM_OSCClockSourceSet)
                  00006f10    00000060     drivers_cc13xxware.aem3 : PowerCC26XX_calibrateRCOSC.oem3 (.text:PowerCC26XX_RCOSC_clockFunc)
                  00006f70    00000060                             : SPICC26XXDMA.oem3 (.text:SPICC26XXDMA_initHw)
                  00006fd0    00000060                             : PowerCC26XX_calibrateRCOSC.oem3 (.text:updateSubSecInc)
                  00007030    0000005c     driverlib.lib : sys_ctrl.obj (.text:NOROM_SysCtrlAdjustRechargeAfterPowerDown)
                  0000708c    0000005c     drivers_cc13xxware.aem3 : PINCC26XX.oem3 (.text:PIN_remove)
                  000070e8    0000005c                             : UDMACC26XX.oem3 (.text:UDMACC26XX_open)
                  00007144    0000005c     smartrf_settings.obj (.text:configureGenfskPatch)
                  000071a0    0000005c     smartrf_settings_predefined.obj (.text:configureGenfskPatch)
                  000071fc    0000005c     smartrf_settings_predefined.obj (.text:configureLrmPatch)
                  00007258    0000005c     rfExamples_pem3.oem3 (.text:xdc_runtime_Startup_getState__I)
                  000072b4    0000005a     drivers_cc13xxware.aem3 : SPICC26XXDMA.oem3 (.text:SPICC26XXDMA_close)
                  0000730e    00000058     display.aem3 : DisplayUart.oem3 (.text:DisplayUart_put5)
                  00007366    00000002     smartrf_settings_predefined.obj (.text:enterLrmSysPatch)
                  00007368    00000058     drivers_cc13xxware.aem3 : PowerCC26XX_calibrateRCOSC.oem3 (.text:PowerCC26XX_initiateCalibration)
                  000073c0    00000058                             : UARTCC26XX.oem3 (.text:UARTCC26XX_control)
                  00007418    00000058     rf_singleMode_cc13xxware.aem3 : RFCC26XX_singleMode.oem3 (.text:fsmXOSCState)
                  00007470    00000058     ConcentratorTask.obj (.text:isKnownNodeAddress)
                  000074c8    00000058     ConcentratorRadioTask.obj (.text:sendAck)
                  00007520    00000054     drivers_cc13xxware.aem3 : PowerCC26XX.oem3 (.text:configureXOSCHF)
                  00007574    00000054     rf_singleMode_cc13xxware.aem3 : RFCC26XX_singleMode.oem3 (.text:dispatchOpWhen)
                  000075c8    00000054                                   : RFCC26XX_singleMode.oem3 (.text:hwiFxnHw)
                  0000761c    00000054                                   : RFCC26XX_singleMode.oem3 (.text:ratChanFree)
                  00007670    00000052     drivers_cc13xxware.aem3 : SPICC26XXDMA.oem3 (.text:SPICC26XXDMA_swiFxn)
                  000076c2    00000002     rtsv7M3_T_le_eabi.lib : i_div0.obj (.text)
                  000076c4    00000050     driverlib.lib : setup.obj (.text:NOROM_SetupSetCacheModeAccordingToCcfgSetting)
                  00007714    00000050     rf_singleMode_cc13xxware.aem3 : RFCC26XX_singleMode.oem3 (.text:syncCb)
                  00007764    0000004c     display.aem3 : DisplayUart.oem3 (.text:DisplayUart_open)
                  000077b0    0000004c     drivers_cc13xxware.aem3 : UARTCC26XX.oem3 (.text:UARTCC26XX_swiIntFxn)
                  000077fc    0000004c     rf_singleMode_cc13xxware.aem3 : RFCC26XX_singleMode.oem3 (.text:applyRfCorePatch)
                  00007848    0000004c     rtsv7M3_T_le_eabi.lib : cpy_tbl.obj (.text)
                  00007894    0000004c     drivers_cc13xxware.aem3 : UARTCC26XX.oem3 (.text:startTxFifoEmptyClk)
                  000078e0    00000048     display.aem3 : Display.oem3 (.text:Display_doOpen)
                  00007928    00000048     driverlib.lib : chipinfo.obj (.text:NOROM_ChipInfo_GetChipFamily)
                  00007970    00000048     drivers_cc13xxware.aem3 : PINCC26XX.oem3 (.text:PIN_setOutputEnable)
                  000079b8    00000048                             : PINCC26XX.oem3 (.text:PIN_swi)
                  00007a00    00000048     rf_singleMode_cc13xxware.aem3 : RFCC26XX_singleMode.oem3 (.text:RF_runCmd)
                  00007a48    00000048     rfWsnConcentrator.obj (.text:main)
                  00007a90    00000048     drivers_cc13xxware.aem3 : PowerCC26XX.oem3 (.text:notify)
                  00007ad8    00000048     rtsv7M3_T_le_eabi.lib : fd_toi_t2.obj (.text)
                  00007b20    00000044     boot.aem3 : boot.oem3 (.text)
                  00007b64    00000044     rtsv7M3_T_le_eabi.lib : fd_tou_t2.obj (.text)
                  00007ba8    00000040     lcd.aem3 : LCDDogm1286.oem3 (.text:LCD_sendCommand)
                  00007be8    00000040              : LCDDogm1286.oem3 (.text:LCD_sendData)
                  00007c28    00000040     rtsv7M3_T_le_eabi.lib : u_divt2.obj (.text)
                  00007c68    0000003e     lcd.aem3 : LCDDogm1286.oem3 (.text:LCD_bufferClear)
                  00007ca6    00000002     rom_sysbios.aem3 : rom_sysbios.obj (.text:ti_sysbios_BIOS_linkedWithIncorrectBootLibrary__E)
                  00007ca8    0000003c     lcd.aem3 : LCDDogm1286.oem3 (.text:LCD_close)
                  00007ce4    0000003c              : LCDDogm1286.oem3 (.text:LCD_gotoXY)
                  00007d20    0000003c     driverlib.lib : osc.obj (.text:NOROM_OSC_HPOSCRelativeFrequencyOffsetGet)
                  00007d5c    0000003c                   : rfc.obj (.text:NOROM_RFCSynthPowerDown)
                  00007d98    0000003c     drivers_cc13xxware.aem3 : PINCC26XX.oem3 (.text:PINCC26XX_getConfig)
                  00007dd4    0000003c                             : PINCC26XX.oem3 (.text:PIN_setOutputValue)
                  00007e10    0000003c                             : SPICC26XXDMA.oem3 (.text:SPICC26XXDMA_csnCallback)
                  00007e4c    0000003c     ConcentratorTask.obj (.text:addNewNode)
                  00007e88    00000038     drivers_cc13xxware.aem3 : PINCC26XX.oem3 (.text:PIN_setInterrupt)
                  00007ec0    00000038                             : SPI.oem3 (.text:SPI_init)
                  00007ef8    00000038                             : UART.oem3 (.text:UART_init)
                  00007f30    00000038                             : UARTCC26XX.oem3 (.text:readData)
                  00007f68    00000038     rtsv7M3_T_le_eabi.lib : fs_tod_t2.obj (.text)
                  00007fa0    00000038     rom_sysbios.aem3 : rom_sysbios.obj (.text:ti_sysbios_family_arm_cc26xx_Timer_getCurrentTick__E)
                  00007fd8    00000038     drivers_cc13xxware.aem3 : UARTCC26XX.oem3 (.text:writeData)
                  00008010    00000036                             : UDMACC26XX.oem3 (.text:UDMACC26XX_close)
                  00008046    00000036     rf_singleMode_cc13xxware.aem3 : RFCC26XX_singleMode.oem3 (.text:updateImplicitState)
                  0000807c    00000034     driverlib.lib : osc.obj (.text:NOROM_OSCHF_SwitchToRcOscTurnOffXosc)
                  000080b0    00000034     drivers_cc13xxware.aem3 : PINCC26XX.oem3 (.text:PIN_setConfig)
                  000080e4    00000034     rf_singleMode_cc13xxware.aem3 : RFCC26XX_singleMode.oem3 (.text:Q_push)
                  00008118    00000034     rom_sysbios.aem3 : rom_sysbios.obj (.text:ti_sysbios_family_arm_cc26xx_Timer_initDevice__I)
                  0000814c    00000032                      : rom_sysbios.obj (.text:ti_sysbios_family_arm_cc26xx_Timer_setNextTick__E)
                  0000817e    00000002     rfExamples_pem3.oem3 (.text:ti_sysbios_BIOS_nullFunc__I)
                  00008180    00000030     driverlib.lib : setup.obj (.text:NOROM_SetupSetAonRtcSubSecInc)
                  000081b0    00000030     drivers_cc13xxware.aem3 : PowerCC26XX.oem3 (.text:Power_releaseConstraint)
                  000081e0    00000030                             : PowerCC26XX.oem3 (.text:Power_setConstraint)
                  00008210    00000030                             : SPI.oem3 (.text:SPI_open)
                  00008240    00000030                             : UART.oem3 (.text:UART_open)
                  00008270    00000030     rf_singleMode_cc13xxware.aem3 : RFCC26XX_singleMode.oem3 (.text:clkPowerUpFxn)
                  000082a0    00000030     rfExamples_pem3.oem3 (.text:ti_sysbios_BIOS_atExitFunc__I)
                  000082d0    00000030     rfExamples_pem3.oem3 (.text:ti_sysbios_BIOS_startFunc__I)
                  00008300    00000030     rom_sysbios.aem3 : rom_sysbios.obj (.text:ti_sysbios_family_arm_cc26xx_Timer_setThreshold__I)
                  00008330    0000002e     rtsv7M3_T_le_eabi.lib : i_tofd_t2.obj (.text)
                  0000835e    00000002     rom_sysbios.aem3 : rom_sysbios.obj (.text:ti_sysbios_knl_Clock_triggerFunc__I)
                  00008360    0000002c     driverlib.lib : ddi.obj (.text:NOROM_DDI32RegWrite)
                  0000838c    0000002c                   : osc.obj (.text:NOROM_OSCClockSourceGet)
                  000083b8    0000002c                   : setup.obj (.text:NOROM_SetupGetTrimForRadcExtCfg)
                  000083e4    0000002c     drivers_cc13xxware.aem3 : PINCC26XX.oem3 (.text:PINCC26XX_setMux)
                  00008410    0000002c     rf_singleMode_cc13xxware.aem3 : RFCC26XX_singleMode.oem3 (.text:getCmd)
                  0000843c    0000002c     rom_sysbios.aem3 : rom_sysbios.obj (.text:ti_sysbios_knl_Clock_getTicksUntilInterrupt__E)
                  00008468    0000002c     rfExamples_pem3.oem3 (.text:ti_sysbios_knl_Event_construct)
                  00008494    0000002c     rom_sysbios.aem3 : rom_sysbios.obj (.text:ti_sysbios_knl_Event_pendTimeout__I)
                  000084c0    0000002a                      : rom_sysbios.obj (.text:xdc_runtime_System_putchar__I)
                  000084ea    00000028     lcd.aem3 : LCDDogm1286.oem3 (.text:LCD_sendArray)
                  00008512    00000002     rfExamples_pem3.oem3 (.text:ti_sysbios_rom_cortexm_cc13xx_CC13xx_badRomRevision__E)
                  00008514    00000028     driverlib.lib : aon_batmon.obj (.text:NOROM_AONBatMonTemperatureGetDegC)
                  0000853c    00000028     drivers_cc13xxware.aem3 : PowerCC26XX.oem3 (.text:Power_registerNotify)
                  00008564    00000028     rf_singleMode_cc13xxware.aem3 : RFCC26XX_singleMode.oem3 (.text:Q_end)
                  0000858c    00000028     drivers_cc13xxware.aem3 : SPICC26XXDMA.oem3 (.text:SPICC26XXDMA_flushFifos)
                  000085b4    00000028     driverlib.lib : adi.obj (.text:SafeHapiVoid)
                  000085dc    00000026     display.aem3 : DisplayDogm1286.oem3 (.text:DisplayDogm1286_clearLines)
                  00008602    00000026                  : Display.oem3 (.text:Display_doPut5)
                  00008628    00000026     drivers_cc13xxware.aem3 : List.oem3 (.text:List_put)
                  0000864e    00000002     rom_sysbios.aem3 : rom_sysbios.obj (.text:xdc_runtime_SysCallback_defaultAbort)
                  00008650    00000024     drivers_cc13xxware.aem3 : PINCC26XX.oem3 (.text:PINCC26XX_getPinCount)
                  00008674    00000024                             : PowerCC26XX_calibrateRCOSC.oem3 (.text:getTdcSemaphore)
                  00008698    00000024     rf_singleMode_cc13xxware.aem3 : RFCC26XX_singleMode.oem3 (.text:hwiFxnCpe0PowerFsm)
                  000086bc    00000024     ConcentratorRadioTask.obj (.text:notifyPacketReceived)
                  000086e0    00000024     rfExamples_pem3.oem3 (.text:ti_sysbios_BIOS_registerRTSLock__I)
                  00008704    00000024     rfExamples_pem3.oem3 (.text:ti_sysbios_BIOS_removeRTSLock__I)
                  00008728    00000024     rom_sysbios.aem3 : rom_sysbios.obj (.text:ti_sysbios_family_arm_cc26xx_Timer_getMaxTicks__E)
                  0000874c    00000020     driverlib.lib : rfc.obj (.text:NOROM_RFCAdi3VcoLdoVoltageMode)
                  0000876c    00000020                   : rfc.obj (.text:NOROM_RFCDoorbellSendTo)
                  0000878c    00000020                   : setup.obj (.text:NOROM_SetupGetTrimForXoscHfCtl)
                  000087ac    00000020     drivers_cc13xxware.aem3 : PowerCC26XX.oem3 (.text:Power_unregisterNotify)
                  000087cc    00000020     rf_singleMode_cc13xxware.aem3 : RFCC26XX_singleMode.oem3 (.text:allocCmd)
                  000087ec    00000020     rfExamples_pem3.oem3 (.text:ti_sysbios_BIOS_rtsLock__I)
                  0000880c    00000020     rom_sysbios.aem3 : rom_sysbios.obj (.text:ti_sysbios_family_arm_cc26xx_Timer_dynamicStub__E)
                  0000882c    00000020                      : rom_sysbios.obj (.text:ti_sysbios_knl_Clock_stop__E)
                  0000884c    00000020                      : rom_sysbios.obj (.text:ti_sysbios_knl_Event_checkEvents__I)
                  0000886c    0000001e     drivers_cc13xxware.aem3 : PINCC26XX.oem3 (.text:PIN_close)
                  0000888a    0000001e                             : PowerCC26XX.oem3 (.text:Power_getTransitionLatency)
                  000088a8    0000001c     lcd.aem3 : LCDDogm1286.oem3 (.text:LCD_bufferPrintString)
                  000088c4    0000001c     driverlib.lib : setup.obj (.text:NOROM_SetupGetTrimForAmpcompTh2)
                  000088e0    0000001c                   : setup.obj (.text:NOROM_SetupGetTrimForRcOscLfRtuneCtuneTrim)
                  000088fc    0000001c     drivers_cc13xxware.aem3 : PINCC26XX.oem3 (.text:PINCC26XX_setIoCfgMux)
                  00008918    0000001c                             : PINCC26XX.oem3 (.text:PIN_hwi)
                  00008934    0000001c                             : UDMACC26XX.oem3 (.text:UDMACC26XX_initHw)
                  00008950    0000001c     smartrf_settings.obj (.text:enterGenfskCpePatch)
                  0000896c    0000001c     smartrf_settings_predefined.obj (.text:enterGenfskCpePatch)
                  00008988    0000001c     smartrf_settings_predefined.obj (.text:enterLrmCpePatch)
                  000089a4    0000001a     display.aem3 : DisplayDogm1286.oem3 (.text:DisplayDogm1286_close)
                  000089be    0000001a     drivers_cc13xxware.aem3 : List.oem3 (.text:List_remove)
                  000089d8    0000001a     rom_sysbios.aem3 : rom_sysbios_config.obj (.text:xdc_runtime_System_snprintf__E)
                  000089f2    00000018     display.aem3 : DisplayDogm1286.oem3 (.text:DisplayDogm1286_clear)
                  00008a0a    00000018                  : DisplayUart.oem3 (.text:DisplayUart_close)
                  00008a22    00000002     rom_sysbios.aem3 : rom_sysbios.obj (.text:xdc_runtime_SysCallback_defaultExit)
                  00008a24    00000018     driverlib.lib : aon_rtc.obj (.text:NOROM_AONRTCCurrentCompareValueGet)
                  00008a3c    00000018                   : chipinfo.obj (.text:NOROM_ChipInfo_GetPackageType)
                  00008a54    00000018                   : osc.obj (.text:NOROM_OSCHF_TurnOnXosc)
                  00008a6c    00000018                   : rfc.obj (.text:NOROM_RFCCpeIntGetAndClear)
                  00008a84    00000018                   : setup.obj (.text:NOROM_SetupGetTrimForAdcShModeEn)
                  00008a9c    00000018                   : setup.obj (.text:NOROM_SetupGetTrimForAdcShVbufEn)
                  00008ab4    00000018                   : setup.obj (.text:NOROM_SetupGetTrimForAmpcompTh1)
                  00008acc    00000018                   : setup.obj (.text:NOROM_SetupGetTrimForDblrLoopFilterResetVoltage)
                  00008ae4    00000018                   : setup.obj (.text:NOROM_SetupGetTrimForRcOscLfIBiasTrim)
                  00008afc    00000018                   : setup.obj (.text:NOROM_SetupGetTrimForXoscLfRegulatorAndCmirrwrRatio)
                  00008b14    00000018     drivers_cc13xxware.aem3 : PINCC26XX.oem3 (.text:PIN_getConfig)
                  00008b2c    00000018                             : PowerCC26XX.oem3 (.text:Power_idleFunc)
                  00008b44    00000018     rf_singleMode_cc13xxware.aem3 : RFCC26XX_singleMode.oem3 (.text:Q_pop)
                  00008b5c    00000018     drivers_cc13xxware.aem3 : UARTCC26XX.oem3 (.text:UARTCC26XX_init)
                  00008b74    00000018                             : UART.oem3 (.text:UART_Params_init)
                  00008b8c    00000018                             : PowerCC26XX.oem3 (.text:configureRFCoreClocks)
                  00008ba4    00000018     rtsv7M3_T_le_eabi.lib : args_main.obj (.text)
                  00008bbc    00000018                           : ll_mul_t2.obj (.text)
                  00008bd4    00000018     rf_singleMode_cc13xxware.aem3 : RFCC26XX_singleMode.oem3 (.text:swiFxnFsm)
                  00008bec    00000018     rfExamples_pem3.oem3 (.text:ti_sysbios_BIOS_rtsUnlock__I)
                  00008c04    00000018     rom_sysbios.aem3 : rom_sysbios.obj (.text:ti_sysbios_knl_Swi_or__E)
                  00008c1c    00000018     rfExamples_pem3.oem3 (.text:ti_sysbios_rom_cortexm_cc13xx_CC13xx_checkRevision__E)
                  00008c34    00000016     driverlib.lib : chipinfo.obj (.text:NOROM_ThisCodeIsBuiltForCC13xxHwRev20AndLater_HaltIfViolated)
                  00008c4a    00000016     rfExamples_pem3.oem3 (.text:ti_sysbios_BIOS_exitFunc__I)
                  00008c60    00000016     ConcentratorRadioTask.obj (.text:ti_sysbios_knl_Event_Params_init)
                  00008c76    00000016     ConcentratorTask.obj (.text:ti_sysbios_knl_Event_Params_init)
                  00008c8c    00000016     EasyLink.obj (.text:ti_sysbios_knl_Semaphore_Params_init)
                  00008ca2    00000016     ConcentratorRadioTask.obj (.text:ti_sysbios_knl_Task_Params_init)
                  00008cb8    00000016     ConcentratorTask.obj (.text:ti_sysbios_knl_Task_Params_init)
                  00008cce    00000002     rom_sysbios.aem3 : rom_sysbios.obj (.text:xdc_runtime_SysCallback_defaultPutch)
                  00008cd0    00000014     ConcentratorRadioTask.obj (.text:ConcentratorRadioTask_registerPacketReceivedCallback)
                  00008ce4    00000014     lcd.aem3 : LCDDogm1286.oem3 (.text:LCD_Params_init)
                  00008cf8    00000014     driverlib.lib : aon_rtc.obj (.text:NOROM_AONRTCCurrent64BitValueGet)
                  00008d0c    00000014     drivers_cc13xxware.aem3 : PINCC26XX.oem3 (.text:PINCC26XX_getOutputValue)
                  00008d20    00000014     rf_singleMode_cc13xxware.aem3 : RFCC26XX_singleMode.oem3 (.text:RF_Params_init)
                  00008d34    00000014     drivers_cc13xxware.aem3 : SPI.oem3 (.text:SPI_Params_init)
                  00008d48    00000014     rtsv7M3_T_le_eabi.lib : _lock.obj (.text)
                  00008d5c    00000014                           : strlen.obj (.text)
                  00008d70    00000014     rfExamples_pem3.oem3 (.text:ti_sysbios_knl_Clock_doTick__I)
                  00008d84    00000014     rom_sysbios.aem3 : rom_sysbios.obj (.text:ti_sysbios_knl_Event_Instance_init__E)
                  00008d98    00000012     lcd.aem3 : LCDDogm1286_util.oem3 (.text:LCD_getStringLength)
                  00008daa    00000012              : LCDDogm1286.oem3 (.text:LCD_update)
                  00008dbc    00000012     rfExamples_pem3.oem3 (.text:xdc_runtime_Startup_exec__I)
                  00008dce    00000002     --HOLE-- [fill = 0]
                  00008dd0    00000010     rf_singleMode_cc13xxware.aem3 : RFCC26XX_singleMode.oem3 (.text:FsmDispatch)
                  00008de0    00000010     driverlib.lib : rfc.obj (.text:NOROM_RFCRfTrimSet)
                  00008df0    00000010                   : setup.obj (.text:NOROM_SetupGetTrimForXoscHfFastStart)
                  00008e00    00000010                   : setup.obj (.text:NOROM_SetupGetTrimForXoscHfIbiastherm)
                  00008e10    00000010     smartrf_settings.obj (.text:applyGenfskPatch)
                  00008e20    00000010     smartrf_settings_predefined.obj (.text:applyGenfskPatch)
                  00008e30    00000010     smartrf_settings_predefined.obj (.text:applyLrmPatch)
                  00008e40    00000010     rom_sysbios.aem3 : rom_sysbios.obj (.text:ti_sysbios_family_arm_m3_Hwi_post__E)
                  00008e50    00000010     drivers_cc13xxware.aem3 : UARTCC26XX.oem3 (.text:uartPostNotify)
                  00008e60    00000010     rom_sysbios.aem3 : rom_sysbios.obj (.text:xdc_runtime_SysCallback_putch__E)
                  00008e70    00000010                      : rom_sysbios.obj (.text:xdc_runtime_SysCallback_ready__E)
                  00008e80    00000010                      : rom_sysbios.obj (.text:xdc_runtime_System_vsnprintf__E)
                  00008e90    0000000e     driverlib.lib : setup.obj (.text:NOROM_SetupSignExtendVddrTrimValue)
                  00008e9e    0000000e                   : vims.obj (.text:NOROM_VIMSModeGet)
                  00008eac    0000000e     drivers_cc13xxware.aem3 : SPICC26XXDMA.oem3 (.text:SPICC26XXDMA_init)
                  00008eba    0000000e     rtsv7M3_T_le_eabi.lib : copy_decompress_none.obj (.text:decompress:none)
                  00008ec8    0000000e     rom_sysbios.aem3 : rom_sysbios.obj (.text:ti_sysbios_family_arm_cc26xx_TimestampProvider_get32__E)
                  00008ed6    0000000c     display.aem3 : Display.oem3 (.text:Display_doClear)
                  00008ee2    00000002     --HOLE-- [fill = 0]
                  00008ee4    0000000c     rf_singleMode_cc13xxware.aem3 : RFCC26XX_singleMode.oem3 (.text:FsmNextState)
                  00008ef0    0000000c     driverlib.lib : cpu.obj (.text:NOROM_CPUcpsid)
                  00008efc    0000000c                   : cpu.obj (.text:NOROM_CPUcpsie)
                  00008f08    0000000c     drivers_cc13xxware.aem3 : PINCC26XX.oem3 (.text:PIN_registerIntCb)
                  00008f14    0000000c                             : PowerCC26XX.oem3 (.text:Power_getConstraintMask)
                  00008f20    0000000c                             : PowerCC26XX.oem3 (.text:Power_getDependencyCount)
                  00008f2c    0000000c     rtsv7M3_T_le_eabi.lib : copy_zero_init.obj (.text:decompress:ZI)
                  00008f38    0000000c     drivers_cc13xxware.aem3 : SPICC26XXDMA.oem3 (.text:spiPostNotify)
                  00008f44    0000000c     rfExamples_pem3.oem3 (.text:ti_sysbios_knl_Event_Params__init__S)
                  00008f50    0000000c     ConcentratorRadioTask.obj (.text:ti_sysbios_knl_Event_handle)
                  00008f5c    0000000c     ConcentratorTask.obj (.text:ti_sysbios_knl_Event_handle)
                  00008f68    0000000c     rom_sysbios.aem3 : rom_sysbios.obj (.text:ti_sysbios_knl_Swi_getTrigger__E)
                  00008f74    0000000c     rfExamples_pem3.oem3 (.text:xdc_runtime_Startup_reset__I)
                  00008f80    0000000c     rom_sysbios.aem3 : rom_sysbios.obj (.text:xdc_runtime_Startup_rtsDone__E)
                  00008f8c    0000000a     drivers_cc13xxware.aem3 : List.oem3 (.text:List_empty)
                  00008f96    0000000a                             : SPI.oem3 (.text:SPI_close)
                  00008fa0    0000000a                             : SPI.oem3 (.text:SPI_transfer)
                  00008faa    0000000a                             : UART.oem3 (.text:UART_close)
                  00008fb4    0000000a                             : UART.oem3 (.text:UART_write)
                  00008fbe    0000000a                             : UDMACC26XX.oem3 (.text:UDMACC26XX_hwiIntFxn)
                  00008fc8    00000008                             : SPICC26XXDMA.oem3 (.text:SPICC26XXDMA_transferCallback)
                  00008fd0    00000008                             : UARTCC26XX.oem3 (.text:readSemCallback)
                  00008fd8    00000008     smartrf_settings.obj (.text:rf_patch_cpe_genfsk)
                  00008fe0    00000008     smartrf_settings_predefined.obj (.text:rf_patch_cpe_genfsk)
                  00008fe8    00000008     smartrf_settings_predefined.obj (.text:rf_patch_cpe_lrm)
                  00008ff0    00000008     drivers_cc13xxware.aem3 : UARTCC26XX.oem3 (.text:writeSemCallback)
                  00008ff8    00000006     display.aem3 : DisplayDogm1286.oem3 (.text:DisplayDogm1286_control)
                  00008ffe    00000006                  : DisplayDogm1286.oem3 (.text:DisplayDogm1286_getType)
                  00009004    00000006                  : DisplayUart.oem3 (.text:DisplayUart_control)
                  0000900a    00000006                  : DisplayUart.oem3 (.text:DisplayUart_getType)
                  00009010    00000006                  : Display.oem3 (.text:Display_doParamsInit)
                  00009016    00000006     drivers_cc13xxware.aem3 : UARTCC26XX.oem3 (.text:UARTCC26XX_readPolling)
                  0000901c    00000006                             : UARTCC26XX.oem3 (.text:UARTCC26XX_writePolling)
                  00009022    00000006     rf_singleMode_cc13xxware.aem3 : RFCC26XX_singleMode.oem3 (.text:clkInactivityFxn)
                  00009028    00000006     rom_sysbios.aem3 : rom_sysbios.obj (.text:ti_sysbios_family_arm_m3_Hwi_setFunc__E)
                  0000902e    00000004     tirtosport.aem3 : HwiP_tirtos.oem3 (.text:HwiP_disable)
                  00009032    00000004     drivers_cc13xxware.aem3 : List.oem3 (.text:List_head)
                  00009036    00000004                             : List.oem3 (.text:List_next)
                  0000903a    00000004     rf_singleMode_cc13xxware.aem3 : RFCC26XX_singleMode.oem3 (.text:Q_peek)
                  0000903e    00000004     drivers_cc13xxware.aem3 : PowerCC26XX.oem3 (.text:nopResourceHandler)
                  00009042    00000004     rom_sysbios.aem3 : rom_sysbios.obj (.text:ti_sysbios_family_arm_cc26xx_Timer_getCount64__E)
                  00009046    00000004                      : rom_sysbios.obj (.text:xdc_runtime_SysCallback_defaultReady)
                  0000904a    00000004                      : rom_sysbios.obj (.text:xdc_runtime_System_snprintf_va__F)
                  0000904e    00000002     --HOLE-- [fill = 0]
                  00009050    00000008     (.tramp.xdc_runtime_Core_assignParams__I.1)
                  00009058    00000008     (.tramp.xdc_runtime_Startup_startMods__I.1)
                  00009060    00000008     (.tramp.ti_sysbios_knl_Queue_construct.1)
                  00009068    00000008     (.tramp.ti_sysbios_knl_Clock_logTick__E.1)
                  00009070    00000008     (.tramp.ti_sysbios_knl_Task_Params__init__S.1)
                  00009078    00000008     (.tramp.ti_sysbios_BIOS_RtsGateProxy_leave__E.1)
                  00009080    00000008     (.tramp.ti_sysbios_BIOS_RtsGateProxy_enter__E.1)
                  00009088    00000008     (.tramp.xdc_runtime_Core_constructObject__I.1)
                  00009090    00000008     (.tramp.ti_sysbios_knl_Task_startup__E.1)
                  00009098    00000008     (.tramp.ti_sysbios_knl_Swi_startup__E.1)
                  000090a0    00000008     (.tramp.ti_sysbios_hal_Hwi_startup__E.1)
                  000090a8    00000008     (.tramp.ti_sysbios_family_arm_cc26xx_Timer_startup__E.1)
                  000090b0    00000008     (.tramp.xdc_runtime_System_atexit__E.1)
                  000090b8    00000008     (.tramp.ti_sysbios_BIOS_setThreadType__E.1)
                  000090c0    00000008     (.tramp.xdc_runtime_System_exit__E.1)
                  000090c8    00000008     (.tramp.ti_sysbios_BIOS_start__E.1)
                  000090d0    00000008     (.tramp.ti_sysbios_knl_Task_sleep__E.1)
                  000090d8    00000008     (.tramp.ti_sysbios_knl_Task_unblockI__E.1)
                  000090e0    00000008     (.tramp.ti_sysbios_knl_Queue_remove__E.1)
                  000090e8    00000008     (.tramp.ti_sysbios_knl_Queue_head__E.1)
                  000090f0    00000008     (.tramp.ti_sysbios_knl_Queue_empty__E.1)
                  000090f8    00000008     (.tramp.ti_sysbios_knl_Clock_scheduleNextTick__E.1)
                  00009100    00000008     (.tramp.ti_sysbios_knl_Clock_walkQueueDynamic__E.1)
                  00009108    00000008     (.tramp.ti_sysbios_knl_Clock_TimerProxy_getCurrentTick__E.1)
                  00009110    00000008     (.tramp.ti_sysbios_knl_Task_construct.1)
                  00009118    00000008     (.tramp.ti_sysbios_BIOS_getCpuFreq__E.1)
                  00009120    00000008     (.tramp.ti_sysbios_family_arm_m3_Hwi_enableInterrupt__E.1)
                  00009128    00000008     (.tramp.ti_sysbios_knl_Clock_removeI__E.1)
                  00009130    00000008     (.tramp.ti_sysbios_knl_Clock_startI__E.1)
                  00009138    00000008     (.tramp.ti_sysbios_knl_Task_blockI__E.1)
                  00009140    00000008     (.tramp.ti_sysbios_knl_Queue_enqueue__E.1)
                  00009148    00000008     (.tramp.ti_sysbios_knl_Task_self__E.1)
                  00009150    00000008     (.tramp.ti_sysbios_knl_Clock_addI__E.1)
                  00009158    00000008     (.tramp.ti_sysbios_knl_Swi_post__E.1)
                  00009160    00000008     (.tramp.ti_sysbios_family_arm_m3_Hwi_destruct.1)
                  00009168    00000008     (.tramp.ti_sysbios_knl_Swi_destruct.1)
                  00009170    00000008     (.tramp.ti_sysbios_knl_Clock_destruct.1)
                  00009178    00000008     (.tramp.ti_sysbios_knl_Semaphore_destruct.1)
                  00009180    00000008     (.tramp.xdc_runtime_System_abort__E.1)
                  00009188    00000008     (.tramp.ti_sysbios_knl_Clock_construct.1)
                  00009190    00000008     (.tramp.ti_sysbios_knl_Clock_Params__init__S.1)
                  00009198    00000008     (.tramp.xdc_runtime_System_abortSpin__E.1)
                  000091a0    00000008     (.tramp.ti_sysbios_knl_Swi_construct.1)
                  000091a8    00000008     (.tramp.ti_sysbios_knl_Swi_Params__init__S.1)
                  000091b0    00000008     (.tramp.ti_sysbios_family_arm_m3_Hwi_construct.1)
                  000091b8    00000008     (.tramp.ti_sysbios_family_arm_m3_Hwi_Params__init__S.1)
                  000091c0    00000008     (.tramp.ti_sysbios_knl_Semaphore_construct.1)
                  000091c8    00000008     (.tramp.ti_sysbios_knl_Semaphore_Params__init__S.1)
                  000091d0    00000008     (.tramp.ti_sysbios_knl_Task_restore__E.1)
                  000091d8    00000008     (.tramp.ti_sysbios_knl_Swi_restore__E.1)
                  000091e0    00000008     (.tramp.ti_sysbios_knl_Swi_disable__E.1)
                  000091e8    00000008     (.tramp.ti_sysbios_knl_Task_disable__E.1)
                  000091f0    00000008     (.tramp.ti_sysbios_knl_Semaphore_post__E.1)
                  000091f8    00000008     (.tramp.ti_sysbios_knl_Semaphore_create.1)
                  00009200    00000008     (.tramp.xdc_runtime_Error_init__E.1)
                  00009208    00000008     (.tramp.ti_sysbios_knl_Semaphore_pend__E.1)
                  00009210    00000008     (.tramp.ti_sysbios_knl_Clock_start__E.1)
                  00009218    00000008     (.tramp.ti_sysbios_knl_Clock_setTimeout__E.1)
                  00009220    00000008     (.tramp.ti_sysbios_family_arm_m3_Hwi_restoreFxn__E.1)
                  00009228    00000008     (.tramp.ti_sysbios_family_arm_m3_Hwi_disableFxn__E.1)

.const     0    00009230    00001acb     
                  00009230    000006b4     smartrf_settings.obj (.const:patchGenfskRfe)
                  000098e4    000006b4     smartrf_settings_predefined.obj (.const:patchGenfskRfe)
                  00009f98    0000028c     smartrf_settings.obj (.const:patchImageGenfsk)
                  0000a224    0000028c     smartrf_settings_predefined.obj (.const:patchImageGenfsk)
                  0000a4b0    0000028c     smartrf_settings_predefined.obj (.const:patchImageLrm)
                  0000a73c    000001d6     lcd.aem3 : LCDDogm1286.oem3 (.const:.string:LCD_alphabet)
                  0000a912    00000001     display.aem3 : Display.oem3 (.const)
                  0000a913    00000001     rfExamples_pem3.oem3 (.const:xdc_runtime_Text_charTab__A)
                  0000a914    00000054     drivers_cc13xxware.aem3 : SPICC26XXDMA.oem3 (.const)
                  0000a968    0000004c     CC1310DK_7XD.obj (.const:BoardGpioInitTable)
                  0000a9b4    0000004c     drivers_cc13xxware.aem3 : PowerCC26XX.oem3 (.const:resourceDB)
                  0000aa00    00000048     rfExamples_pem3.oem3 (.const:.string)
                  0000aa48    00000040     drivers_cc13xxware.aem3 : UARTCC26XX.oem3 (.const)
                  0000aa88    00000038     CC1310DK_7XD.obj (.const:spiCC26XXDMAHWAttrs)
                  0000aac0    00000028     drivers_cc13xxware.aem3 : UARTCC26XX.oem3 (.const:UARTCC26XX_fxnTable)
                  0000aae8    00000024     CC1310DK_7XD.obj (.const:Display_config)
                  0000ab0c    00000024     CC1310DK_7XD.obj (.const:SPI_config)
                  0000ab30    00000024     drivers_cc13xxware.aem3 : UART.oem3 (.const:UART_defaultParams)
                  0000ab54    00000024     rfExamples_pem3.oem3 (.const:xdc_runtime_Startup_sfxnTab__A)
                  0000ab78    00000020     drivers_cc13xxware.aem3 : SPI.oem3 (.const)
                  0000ab98    00000020     rfExamples_pem3.oem3 (.const:ti_sysbios_knl_Event_Object__DESC__C)
                  0000abb8    0000001c     display.aem3 : DisplayDogm1286.oem3 (.const)
                  0000abd4    0000001c                  : DisplayUart.oem3 (.const)
                  0000abf0    00000018     CC1310DK_7XD.obj (.const:UART_config)
                  0000ac08    00000018     rfExamples_pem3.oem3 (.const:ti_sysbios_knl_Event_Object__PARAMS__C)
                  0000ac20    00000018     CC1310DK_7XD.obj (.const:uartCC26XXHWAttrs)
                  0000ac38    00000014     CC1310DK_7XD.obj (.const:displayUartHWAttrs)
                  0000ac4c    00000014     rf_singleMode_cc13xxware.aem3 : RFCC26XX_singleMode.oem3 (.const)
                  0000ac60    00000012     rfExamples_pem3.oem3 (.const:xdc_runtime_Startup_sfxnRts__A)
                  0000ac72    00000011     CC1310DK_7XD.obj (.const:LCD_initCmd)
                  0000ac83    00000001     --HOLE-- [fill = 0]
                  0000ac84    00000010     CC1310DK_7XD.obj (.const:PowerCC26XX_config)
                  0000ac94    00000010     CC1310DK_7XD.obj (.const:UDMACC26XX_config)
                  0000aca4    0000000c     rfExamples_pem3.oem3 (.const:xdc_runtime_Startup_firstFxns__A)
                  0000acb0    00000008     CC1310DK_7XD.obj (.const:LCD_config)
                  0000acb8    00000008     CC1310DK_7XD.obj (.const:PINCC26XX_hwAttrs)
                  0000acc0    00000008     CC1310DK_7XD.obj (.const:displayDogm1286HWAttrs)
                  0000acc8    00000008     CC1310DK_7XD.obj (.const:lcdHWAttrs)
                  0000acd0    00000008     CC1310DK_7XD.obj (.const:udmaHWAttrs)
                  0000acd8    00000004     CC1310DK_7XD.obj (.const:RFCC26XX_hwAttrs)
                  0000acdc    00000004     rfExamples_pem3.oem3 (.const:ti_sysbios_knl_Clock_tickPeriod__C)
                  0000ace0    00000004     rfExamples_pem3.oem3 (.const:ti_sysbios_knl_Clock_triggerClock__C)
                  0000ace4    00000004     rfExamples_pem3.oem3 (.const:ti_sysbios_knl_Event_Instance_State_pendQ__O)
                  0000ace8    00000004     rfExamples_pem3.oem3 (.const:ti_sysbios_knl_Idle_funcList__A)
                  0000acec    00000004     rfExamples_pem3.oem3 (.const:xdc_runtime_SysCallback_putchFxn__C)
                  0000acf0    00000004     rfExamples_pem3.oem3 (.const:xdc_runtime_SysCallback_readyFxn__C)
                  0000acf4    00000004     rfExamples_pem3.oem3 (.const:xdc_runtime_System_extendFxn__C)
                  0000acf8    00000003     lcd.aem3 : LCDDogm1286.oem3 (.const:.string)

.init_array 
*          0    00000000    00000000     UNINITIALIZED

.resetVecs 
*          0    00000000    0000003c     
                  00000000    0000003c     rfExamples_pem3.oem3 (.resetVecs)

.binit     0    00000000    00000000     

.const:ti_sysbios_knl_Task_Object__PARAMS__C 
*          0    00001000    0000003c     
                  00001000    0000003c     rfExamples_pem3.oem3 (.const:ti_sysbios_knl_Task_Object__PARAMS__C)

.const:ti_sysbios_knl_Mailbox_Object__PARAMS__C 
*          0    0000103c    00000034     
                  0000103c    00000034     rfExamples_pem3.oem3 (.const:ti_sysbios_knl_Mailbox_Object__PARAMS__C)

.const:ti_sysbios_family_arm_m3_Hwi_Object__PARAMS__C 
*          0    00001070    00000030     
                  00001070    00000030     rfExamples_pem3.oem3 (.const:ti_sysbios_family_arm_m3_Hwi_Object__PARAMS__C)

.const:ti_sysbios_hal_Hwi_Object__PARAMS__C 
*          0    000010a0    0000002c     
                  000010a0    0000002c     rfExamples_pem3.oem3 (.const:ti_sysbios_hal_Hwi_Object__PARAMS__C)

.const:ti_sysbios_heaps_HeapMem_Module__FXNS__C 
*          0    000010cc    00000028     
                  000010cc    00000028     rfExamples_pem3.oem3 (.const:ti_sysbios_heaps_HeapMem_Module__FXNS__C)

.const:ti_sysbios_knl_Swi_Object__PARAMS__C 
*          0    000010f4    00000028     
                  000010f4    00000028     rfExamples_pem3.oem3 (.const:ti_sysbios_knl_Swi_Object__PARAMS__C)

.const:ti_sysbios_gates_GateHwi_Module__FXNS__C 
*          0    0000111c    00000024     
                  0000111c    00000024     rfExamples_pem3.oem3 (.const:ti_sysbios_gates_GateHwi_Module__FXNS__C)

.const:ti_sysbios_gates_GateMutex_Module__FXNS__C 
*          0    00001140    00000024     
                  00001140    00000024     rfExamples_pem3.oem3 (.const:ti_sysbios_gates_GateMutex_Module__FXNS__C)

.const:ti_sysbios_heaps_HeapMem_Object__PARAMS__C 
*          0    00001164    00000024     
                  00001164    00000024     rfExamples_pem3.oem3 (.const:ti_sysbios_heaps_HeapMem_Object__PARAMS__C)

.const:ti_sysbios_knl_Clock_Object__PARAMS__C 
*          0    00001188    00000024     
                  00001188    00000024     rfExamples_pem3.oem3 (.const:ti_sysbios_knl_Clock_Object__PARAMS__C)

.const:ti_sysbios_knl_Semaphore_Object__PARAMS__C 
*          0    000011ac    00000024     
                  000011ac    00000024     rfExamples_pem3.oem3 (.const:ti_sysbios_knl_Semaphore_Object__PARAMS__C)

.const:ti_sysbios_family_arm_m3_Hwi_Object__DESC__C 
*          0    000011d0    00000020     
                  000011d0    00000020     rfExamples_pem3.oem3 (.const:ti_sysbios_family_arm_m3_Hwi_Object__DESC__C)

.const:ti_sysbios_gates_GateHwi_Object__DESC__C 
*          0    000011f0    00000020     
                  000011f0    00000020     rfExamples_pem3.oem3 (.const:ti_sysbios_gates_GateHwi_Object__DESC__C)

.const:ti_sysbios_gates_GateMutex_Object__DESC__C 
*          0    00001210    00000020     
                  00001210    00000020     rfExamples_pem3.oem3 (.const:ti_sysbios_gates_GateMutex_Object__DESC__C)

.const:ti_sysbios_hal_Hwi_Object__DESC__C 
*          0    00001230    00000020     
                  00001230    00000020     rfExamples_pem3.oem3 (.const:ti_sysbios_hal_Hwi_Object__DESC__C)

.const:ti_sysbios_heaps_HeapMem_Object__DESC__C 
*          0    00001250    00000020     
                  00001250    00000020     rfExamples_pem3.oem3 (.const:ti_sysbios_heaps_HeapMem_Object__DESC__C)

.const:ti_sysbios_knl_Clock_Object__DESC__C 
*          0    00001270    00000020     
                  00001270    00000020     rfExamples_pem3.oem3 (.const:ti_sysbios_knl_Clock_Object__DESC__C)

.const:ti_sysbios_knl_Mailbox_Object__DESC__C 
*          0    00001290    00000020     
                  00001290    00000020     rfExamples_pem3.oem3 (.const:ti_sysbios_knl_Mailbox_Object__DESC__C)

.const:ti_sysbios_knl_Queue_Object__DESC__C 
*          0    000012b0    00000020     
                  000012b0    00000020     rfExamples_pem3.oem3 (.const:ti_sysbios_knl_Queue_Object__DESC__C)

.const:ti_sysbios_knl_Semaphore_Object__DESC__C 
*          0    000012d0    00000020     
                  000012d0    00000020     rfExamples_pem3.oem3 (.const:ti_sysbios_knl_Semaphore_Object__DESC__C)

.const:ti_sysbios_knl_Swi_Object__DESC__C 
*          0    000012f0    00000020     
                  000012f0    00000020     rfExamples_pem3.oem3 (.const:ti_sysbios_knl_Swi_Object__DESC__C)

.const:ti_sysbios_knl_Task_Object__DESC__C 
*          0    00001310    00000020     
                  00001310    00000020     rfExamples_pem3.oem3 (.const:ti_sysbios_knl_Task_Object__DESC__C)

.const:ti_sysbios_gates_GateHwi_Object__PARAMS__C 
*          0    00001330    00000018     
                  00001330    00000018     rfExamples_pem3.oem3 (.const:ti_sysbios_gates_GateHwi_Object__PARAMS__C)

.const:ti_sysbios_gates_GateMutex_Object__PARAMS__C 
*          0    00001348    00000018     
                  00001348    00000018     rfExamples_pem3.oem3 (.const:ti_sysbios_gates_GateMutex_Object__PARAMS__C)

.const:ti_sysbios_knl_Queue_Object__PARAMS__C 
*          0    00001360    00000018     
                  00001360    00000018     rfExamples_pem3.oem3 (.const:ti_sysbios_knl_Queue_Object__PARAMS__C)

.const:ti_sysbios_knl_Idle_funcList__C 
*          0    00001378    00000008     
                  00001378    00000008     rfExamples_pem3.oem3 (.const:ti_sysbios_knl_Idle_funcList__C)

.const:ti_sysbios_family_arm_cc26xx_Timer_startupNeeded__C 
*          0    00001384    00000004     
                  00001384    00000004     rfExamples_pem3.oem3 (.const:ti_sysbios_family_arm_cc26xx_Timer_startupNeeded__C)

.const:ti_sysbios_family_arm_m3_Hwi_E_alreadyDefined__C 
*          0    00001388    00000004     
                  00001388    00000004     rfExamples_pem3.oem3 (.const:ti_sysbios_family_arm_m3_Hwi_E_alreadyDefined__C)

.const:ti_sysbios_family_arm_m3_Hwi_E_hwiLimitExceeded__C 
*          0    0000138c    00000004     
                  0000138c    00000004     rfExamples_pem3.oem3 (.const:ti_sysbios_family_arm_m3_Hwi_E_hwiLimitExceeded__C)

.const:ti_sysbios_family_arm_m3_Hwi_NUM_INTERRUPTS__C 
*          0    00001390    00000004     
                  00001390    00000004     rfExamples_pem3.oem3 (.const:ti_sysbios_family_arm_m3_Hwi_NUM_INTERRUPTS__C)

.const:ti_sysbios_family_arm_m3_Hwi_Object__count__C 
*          0    00001394    00000004     
                  00001394    00000004     rfExamples_pem3.oem3 (.const:ti_sysbios_family_arm_m3_Hwi_Object__count__C)

.const:ti_sysbios_family_arm_m3_Hwi_Object__table__C 
*          0    00001398    00000004     
                  00001398    00000004     rfExamples_pem3.oem3 (.const:ti_sysbios_family_arm_m3_Hwi_Object__table__C)

.const:ti_sysbios_family_arm_m3_Hwi_ccr__C 
*          0    0000139c    00000004     
                  0000139c    00000004     rfExamples_pem3.oem3 (.const:ti_sysbios_family_arm_m3_Hwi_ccr__C)

.const:ti_sysbios_family_arm_m3_Hwi_excHandlerFunc__C 
*          0    000013a0    00000004     
                  000013a0    00000004     rfExamples_pem3.oem3 (.const:ti_sysbios_family_arm_m3_Hwi_excHandlerFunc__C)

.const:ti_sysbios_family_arm_m3_Hwi_nullIsrFunc__C 
*          0    000013a4    00000004     
                  000013a4    00000004     rfExamples_pem3.oem3 (.const:ti_sysbios_family_arm_m3_Hwi_nullIsrFunc__C)

.const:ti_sysbios_family_arm_m3_Hwi_numSparseInterrupts__C 
*          0    000013a8    00000004     
                  000013a8    00000004     rfExamples_pem3.oem3 (.const:ti_sysbios_family_arm_m3_Hwi_numSparseInterrupts__C)

.const:ti_sysbios_family_arm_m3_Hwi_priGroup__C 
*          0    000013ac    00000004     
                  000013ac    00000004     rfExamples_pem3.oem3 (.const:ti_sysbios_family_arm_m3_Hwi_priGroup__C)

.const:ti_sysbios_family_arm_m3_TaskSupport_stackAlignment__C 
*          0    000013b0    00000004     
                  000013b0    00000004     rfExamples_pem3.oem3 (.const:ti_sysbios_family_arm_m3_TaskSupport_stackAlignment__C)

.const:ti_sysbios_heaps_HeapMem_E_memory__C 
*          0    000013b4    00000004     
                  000013b4    00000004     rfExamples_pem3.oem3 (.const:ti_sysbios_heaps_HeapMem_E_memory__C)

.const:ti_sysbios_heaps_HeapMem_Module__gateObj__C 
*          0    000013b8    00000004     
                  000013b8    00000004     rfExamples_pem3.oem3 (.const:ti_sysbios_heaps_HeapMem_Module__gateObj__C)

.const:ti_sysbios_heaps_HeapMem_Object__count__C 
*          0    000013bc    00000004     
                  000013bc    00000004     rfExamples_pem3.oem3 (.const:ti_sysbios_heaps_HeapMem_Object__count__C)

.const:ti_sysbios_heaps_HeapMem_Object__table__C 
*          0    000013c0    00000004     
                  000013c0    00000004     rfExamples_pem3.oem3 (.const:ti_sysbios_heaps_HeapMem_Object__table__C)

.const:ti_sysbios_heaps_HeapMem_reqAlign__C 
*          0    000013c4    00000004     
                  000013c4    00000004     rfExamples_pem3.oem3 (.const:ti_sysbios_heaps_HeapMem_reqAlign__C)

.const:ti_sysbios_knl_Clock_serviceMargin__C 
*          0    000013c8    00000004     
                  000013c8    00000004     rfExamples_pem3.oem3 (.const:ti_sysbios_knl_Clock_serviceMargin__C)

.const:ti_sysbios_knl_Mailbox_Object__count__C 
*          0    000013cc    00000004     
                  000013cc    00000004     rfExamples_pem3.oem3 (.const:ti_sysbios_knl_Mailbox_Object__count__C)

.const:ti_sysbios_knl_Mailbox_Object__table__C 
*          0    000013d0    00000004     
                  000013d0    00000004     rfExamples_pem3.oem3 (.const:ti_sysbios_knl_Mailbox_Object__table__C)

.const:ti_sysbios_knl_Mailbox_maxTypeAlign__C 
*          0    000013d4    00000004     
                  000013d4    00000004     rfExamples_pem3.oem3 (.const:ti_sysbios_knl_Mailbox_maxTypeAlign__C)

.const:ti_sysbios_knl_Queue_Object__count__C 
*          0    000013d8    00000004     
                  000013d8    00000004     rfExamples_pem3.oem3 (.const:ti_sysbios_knl_Queue_Object__count__C)

.const:ti_sysbios_knl_Queue_Object__table__C 
*          0    000013dc    00000004     
                  000013dc    00000004     rfExamples_pem3.oem3 (.const:ti_sysbios_knl_Queue_Object__table__C)

.const:ti_sysbios_knl_Swi_Object__count__C 
*          0    000013e0    00000004     
                  000013e0    00000004     rfExamples_pem3.oem3 (.const:ti_sysbios_knl_Swi_Object__count__C)

.const:ti_sysbios_knl_Swi_Object__table__C 
*          0    000013e4    00000004     
                  000013e4    00000004     rfExamples_pem3.oem3 (.const:ti_sysbios_knl_Swi_Object__table__C)

.const:ti_sysbios_knl_Swi_numPriorities__C 
*          0    000013e8    00000004     
                  000013e8    00000004     rfExamples_pem3.oem3 (.const:ti_sysbios_knl_Swi_numPriorities__C)

.const:ti_sysbios_knl_Task_Object__count__C 
*          0    000013ec    00000004     
                  000013ec    00000004     rfExamples_pem3.oem3 (.const:ti_sysbios_knl_Task_Object__count__C)

.const:ti_sysbios_knl_Task_Object__table__C 
*          0    000013f0    00000004     
                  000013f0    00000004     rfExamples_pem3.oem3 (.const:ti_sysbios_knl_Task_Object__table__C)

.const:ti_sysbios_knl_Task_allBlockedFunc__C 
*          0    000013f4    00000004     
                  000013f4    00000004     rfExamples_pem3.oem3 (.const:ti_sysbios_knl_Task_allBlockedFunc__C)

.const:ti_sysbios_knl_Task_defaultStackHeap__C 
*          0    000013f8    00000004     
                  000013f8    00000004     rfExamples_pem3.oem3 (.const:ti_sysbios_knl_Task_defaultStackHeap__C)

.const:ti_sysbios_knl_Task_defaultStackSize__C 
*          0    000013fc    00000004     
                  000013fc    00000004     rfExamples_pem3.oem3 (.const:ti_sysbios_knl_Task_defaultStackSize__C)

.const:ti_sysbios_knl_Task_numConstructedTasks__C 
*          0    00001400    00000004     
                  00001400    00000004     rfExamples_pem3.oem3 (.const:ti_sysbios_knl_Task_numConstructedTasks__C)

.const:ti_sysbios_family_arm_cc26xx_Timer_Module__id__C 
*          0    00001406    00000002     
                  00001406    00000002     rfExamples_pem3.oem3 (.const:ti_sysbios_family_arm_cc26xx_Timer_Module__id__C)

.const:ti_sysbios_family_arm_cc26xx_TimestampProvider_useClockTimer__C 
*          0    00001408    00000002     
                  00001408    00000002     rfExamples_pem3.oem3 (.const:ti_sysbios_family_arm_cc26xx_TimestampProvider_useClockTimer__C)

.const:ti_sysbios_family_arm_m3_Hwi_Module__id__C 
*          0    0000140a    00000002     
                  0000140a    00000002     rfExamples_pem3.oem3 (.const:ti_sysbios_family_arm_m3_Hwi_Module__id__C)

.const:ti_sysbios_gates_GateHwi_Module__id__C 
*          0    0000140c    00000002     
                  0000140c    00000002     rfExamples_pem3.oem3 (.const:ti_sysbios_gates_GateHwi_Module__id__C)

.const:ti_sysbios_gates_GateMutex_Module__id__C 
*          0    0000140e    00000002     
                  0000140e    00000002     rfExamples_pem3.oem3 (.const:ti_sysbios_gates_GateMutex_Module__id__C)

.const:ti_sysbios_heaps_HeapMem_Module__id__C 
*          0    00001410    00000002     
                  00001410    00000002     rfExamples_pem3.oem3 (.const:ti_sysbios_heaps_HeapMem_Module__id__C)

.const:ti_sysbios_knl_Task_initStackFlag__C 
*          0    00001412    00000002     
                  00001412    00000002     rfExamples_pem3.oem3 (.const:ti_sysbios_knl_Task_initStackFlag__C)

.const:ti_sysbios_knl_Clock_tickMode__C 
*          0    00001414    00000001     
                  00001414    00000001     rfExamples_pem3.oem3 (.const:ti_sysbios_knl_Clock_tickMode__C)

.const:xdc_runtime_Startup_firstFxns__C 
*          0    00001418    00000008     
                  00001418    00000008     rfExamples_pem3.oem3 (.const:xdc_runtime_Startup_firstFxns__C)

.const:xdc_runtime_Startup_lastFxns__C 
*          0    00001420    00000008     
[...]
1001c21b  ti_sysbios_gates_GateHwi_leave__E                                         
1001c227  ti_sysbios_knl_Queue_Instance_init__E                                     
1001c22d  ti_sysbios_knl_Queue_elemClear__E                                         
1001c233  ti_sysbios_knl_Swi_Module_startup__E                                      
1001c239  ti_sysbios_knl_Swi_startup__E                                             
1001c23f  ti_sysbios_knl_Task_enable__E                                             
1001c245  ti_sysbios_BIOS_RtsGateProxy_enter__E                                     
1001c249  ti_sysbios_BIOS_RtsGateProxy_leave__E                                     
1001c24d  ti_sysbios_family_arm_cc26xx_Timer_getExpiredTicks__E                     
1001c251  ti_sysbios_family_arm_cc26xx_Timer_getPeriod__E                           
1001c255  ti_sysbios_family_arm_cc26xx_Timer_setPeriod__E                           
1001c259  ti_sysbios_family_arm_m3_Hwi_delete                                       
1001c25d  ti_sysbios_family_arm_m3_Hwi_destruct                                     
1001c261  ti_sysbios_family_arm_m3_TaskSupport_Module__startupDone__S               
1001c265  ti_sysbios_gates_GateHwi_query__E                                         
1001c265  xdc_runtime_System_Module_GateProxy_query__E                              
1001c269  ti_sysbios_gates_GateMutex_delete                                         
1001c26d  ti_sysbios_gates_GateMutex_destruct                                       
1001c271  ti_sysbios_BIOS_RtsGateProxy_query__E                                     
1001c271  ti_sysbios_gates_GateMutex_query__E                                       
1001c271  ti_sysbios_heaps_HeapMem_Module_GateProxy_query__E                        
1001c275  ti_sysbios_hal_Hwi_HwiProxy_Module__startupDone__S                        
1001c279  ti_sysbios_hal_Hwi_HwiProxy_delete                                        
1001c27d  ti_sysbios_hal_Hwi_HwiProxy_disableInterrupt__E                           
1001c27d  ti_sysbios_hal_Hwi_disableInterrupt__E                                    
1001c281  ti_sysbios_hal_Hwi_HwiProxy_enableInterrupt__E                            
1001c281  ti_sysbios_hal_Hwi_enableInterrupt__E                                     
1001c285  ti_sysbios_hal_Hwi_HwiProxy_getStackInfo__E                               
1001c285  ti_sysbios_hal_Hwi_getStackInfo__E                                        
1001c289  ti_sysbios_hal_Hwi_HwiProxy_startup__E                                    
1001c289  ti_sysbios_hal_Hwi_startup__E                                             
1001c28d  ti_sysbios_hal_Hwi_HwiProxy_switchFromBootStack__E                        
1001c291  ti_sysbios_hal_Hwi_delete                                                 
1001c295  ti_sysbios_hal_Hwi_switchFromBootStack__E                                 
1001c299  ti_sysbios_heaps_HeapMem_Module_GateProxy_enter__E                        
1001c29d  ti_sysbios_heaps_HeapMem_Module_GateProxy_leave__E                        
1001c2a1  ti_sysbios_heaps_HeapMem_isBlocking__E                                    
1001c2a5  ti_sysbios_knl_Clock_TimerProxy_Module__startupDone__S                    
1001c2a9  ti_sysbios_knl_Clock_TimerProxy_getExpiredTicks__E                        
1001c2ad  ti_sysbios_knl_Clock_TimerProxy_getPeriod__E                              
1001c2b1  ti_sysbios_knl_Clock_delete                                               
1001c2b5  ti_sysbios_knl_Clock_destruct                                             
1001c2b9  ti_sysbios_knl_Clock_removeI__E                                           
1001c2bd  ti_sysbios_knl_Clock_setTimeout__E                                        
1001c2c1  ti_sysbios_knl_Mailbox_delete                                             
1001c2c5  ti_sysbios_knl_Mailbox_destruct                                           
1001c2c9  ti_sysbios_knl_Queue_delete                                               
1001c2cd  ti_sysbios_knl_Queue_destruct                                             
1001c2d1  ti_sysbios_knl_Queue_head__E                                              
1001c2d5  ti_sysbios_knl_Queue_next__E                                              
1001c2d9  ti_sysbios_knl_Semaphore_delete                                           
1001c2dd  ti_sysbios_knl_Semaphore_destruct                                         
1001c2e1  ti_sysbios_knl_Swi_delete                                                 
1001c2e5  ti_sysbios_knl_Swi_destruct                                               
1001c2e9  ti_sysbios_knl_Swi_postInit__I                                            
1001c2ed  ti_sysbios_knl_Task_SupportProxy_Module__startupDone__S                   
1001c2f1  ti_sysbios_knl_Task_SupportProxy_getStackAlignment__E                     
1001c2f5  ti_sysbios_knl_Task_SupportProxy_start__E                                 
1001c2f9  ti_sysbios_knl_Task_SupportProxy_swap__E                                  
1001c2fd  ti_sysbios_knl_Task_delete                                                
1001c301  ti_sysbios_knl_Task_destruct                                              
1001c305  ti_sysbios_knl_Task_startup__E                                            
1001c309  xdc_runtime_Startup_startMods__I                                          
1001c401  xdc_runtime_Core_createObject__I                                          
1001c483  xdc_runtime_Error_policySpin__E                                           
1001c485  xdc_runtime_Memory_alloc__E                                               
1001c4f5  xdc_runtime_Core_deleteObject__I                                          
1001c555  xdc_runtime_Startup_exec__E                                               
1001c5a5  xdc_runtime_Assert_raise__I                                               
1001c5ed  xdc_runtime_Core_assignParams__I                                          
1001c635  xdc_runtime_Core_constructObject__I                                       
1001c67d  xdc_runtime_System_atexit__E                                              
1001c6b5  xdc_runtime_System_processAtExit__E                                       
1001c6e9  xdc_runtime_Core_assignLabel__I                                           
1001c719  xdc_runtime_Text_cordText__E                                              
1001c745  xdc_runtime_System_abort__E                                               
1001c765  xdc_runtime_Error_raiseX__E                                               
1001c781  xdc_runtime_Memory_valloc__E                                              
1001c79d  xdc_runtime_Core_destructObject__I                                        
1001c7b5  xdc_runtime_Error_check__E                                                
1001c7cd  xdc_runtime_System_exit__E                                                
1001c7e5  xdc_runtime_Text_ropeText__E                                              
1001c7fd  xdc_runtime_Memory_free__E                                                
1001c80d  xdc_runtime_SysCallback_abort__E                                          
1001c81d  xdc_runtime_SysCallback_exit__E                                           
1001c82d  xdc_runtime_Timestamp_SupportProxy_get32__E                               
1001c82d  xdc_runtime_Timestamp_get32__E                                            
1001c83d  xdc_runtime_Error_init__E                                                 
1001c849  xdc_runtime_Memory_calloc__E                                              
1001c855  xdc_runtime_Memory_getMaxDefaultTypeAlign__E                              
1001c875  xdc_runtime_Gate_leaveSystem__E                                           
1001c87b  xdc_runtime_System_Module_startup__E                                      
1001c881  xdc_runtime_Gate_enterSystem__E                                           
1001c885  xdc_runtime_Memory_HeapProxy_alloc__E                                     
1001c889  xdc_runtime_Memory_HeapProxy_free__E                                      
1001c88d  xdc_runtime_System_Module_GateProxy_enter__E                              
1001c891  xdc_runtime_System_Module_GateProxy_leave__E                              
1001c895  xdc_runtime_System_abortSpin__E                                           
1001c897  xdc_runtime_System_exitSpin__E                                            
1001c899  ti_sysbios_family_arm_m3_Hwi_dispatch__I                                  
1001c969  ti_sysbios_family_arm_m3_TaskSupport_buildTaskStack                       
1001c9b5  ti_sysbios_family_arm_m3_Hwi_initStacks__E                                
1001c9fd  ti_sysbios_family_arm_m3_Hwi_excHandlerAsm__I                             
1001ca1d  ti_sysbios_family_xxx_Hwi_switchAndRunFunc                                
1001ca3b  ti_sysbios_family_arm_m3_Hwi_pendSV__I                                    
1001ca53  ti_sysbios_family_arm_m3_Hwi_return                                       
1001ca55  ti_sysbios_family_arm_m3_TaskSupport_glue                                 
1001ca65  ti_sysbios_family_arm_m3_TaskSupport_swap__E                              
1001ca6d  ti_sysbios_knl_Task_swapReturn                                            
1001ca97  ti_sysbios_rom_cortexm_cc13xx_CC13xx_getRevision__E                       
20000000  ti_sysbios_family_arm_m3_Hwi_ramVectors                                   
20000100  ti_sysbios_knl_Task_Module__state__V                                      
20000144  ti_sysbios_family_arm_m3_Hwi_Module__state__V                             
20000178  ti_sysbios_knl_Clock_Module__state__V                                     
200001a4  ti_sysbios_BIOS_Module__state__V                                          
200001c8  ti_sysbios_knl_Swi_Module__state__V                                       
200001e4  ti_sysbios_family_arm_cc26xx_Timer_Module__state__V                       
200001ec  ti_sysbios_family_arm_cc26xx_TimestampProvider_Module__state__V           
200001f0  xdc_runtime_Startup_Module__state__V                                      
200001f8  xdc_runtime_System_Module__state__V                                       
20000200  xdc_runtime_Memory_Module__state__V                                       
20000520  displayDogm1286Object                                                     
20001178  ti_sysbios_heaps_HeapMem_Instance_State_0_buf__A                          
20001578  ti_sysbios_knl_Task_Instance_State_0_stack__A                             
20001778  spiCC26XXDMAObjects                                                       
20001930  uartCC26XXObjects                                                         
20001a44  PIN_NumPins                                                               
20001b48  ti_sysbios_family_arm_m3_Hwi_dispatchTable                                
20001f74  PIN_HandleTable                                                           
20001ff0  concentratorRadioTask                                                     
20002040  concentratorTask                                                          
200021a4  lcdObject                                                                 
200021d4  knownSensorNodes                                                          
2000228c  displayUartObject                                                         
200022ac  udmaObjects                                                               
20002390  concentratorEvent                                                         
200023b8  radioOperationEvent                                                       
20002480  driverlib_release_0_46593                                                 
20002488  PowerCC26XX_module                                                        
20002650  pOverrides_625bpsLrm                                                      
200026ac  ti_sysbios_knl_Task_Object__table__V                                      
200026f8  ti_sysbios_family_arm_cc26xx_Timer_Object__table__V                       
20002740  ti_sysbios_gates_GateMutex_Object__table__V                               
200027a8  ti_sysbios_knl_Swi_Module_State_0_readyQ__A                               
200027d8  ti_sysbios_knl_Swi_Object__table__V                                       
20002808  RF_cmdPropRadioDivSetup                                                   
20002830  RF_cmdPropRadioDivSetup_50kbps2gfsk                                       
20002858  RF_cmdPropRadioDivSetup_625bpsLrm                                         
20002880  RF_cmdPropRx                                                              
200028a4  ti_sysbios_knl_Clock_Object__table__V                                     
200028c4  ti_sysbios_knl_Task_Module_State_0_readyQ__A                              
200028e4  EasyLink_cmdPropTx                                                        
200028fc  RF_cmdFs                                                                  
20002914  RF_cmdFs_50kbps2gfsk                                                      
2000292c  RF_cmdFs_625bpsLrm                                                        
20002944  RF_cmdPropTx                                                              
20002974  ti_sysbios_family_arm_m3_Hwi_Object__table__V                             
2000298c  ti_sysbios_heaps_HeapMem_Object__table__V                                 
200029a4  RF_prop                                                                   
200029b4  RF_prop_50kbps2gfsk                                                       
200029c4  RF_prop_625bpsLrm                                                         
200029e4  _lock                                                                     
200029e8  _unlock                                                                   
200029ec  ledPinTable                                                               
200029f4  ti_sysbios_family_arm_m3_Hwi_Module__root__V                              
200029fc  ti_sysbios_gates_GateHwi_Module__root__V                                  
20002a04  ti_sysbios_gates_GateMutex_Module__root__V                                
20002a0c  ti_sysbios_hal_Hwi_Module__root__V                                        
20002a14  ti_sysbios_heaps_HeapMem_Module__root__V                                  
20002a1c  ti_sysbios_knl_Clock_Module__root__V                                      
20002a24  ti_sysbios_knl_Event_Module__root__V                                      
20002a2c  ti_sysbios_knl_Mailbox_Module__root__V                                    
20002a34  ti_sysbios_knl_Queue_Module__root__V                                      
20002a3c  ti_sysbios_knl_Semaphore_Module__root__V                                  
20002a44  ti_sysbios_knl_Swi_Module__root__V                                        
20002a4c  ti_sysbios_knl_Task_Module__root__V                                       
20002a60  main_func_sp                                                              
20002a64  ti_sysbios_family_arm_m3_Hwi_Module_State_0_excContext__A                 
20002a68  ti_sysbios_family_arm_m3_Hwi_Module_State_0_excStack__A                   
20002a6c  ti_sysbios_knl_Task_Module_State_0_idleTask__A                            
20002a70  ti_sysbios_family_arm_m3_Hwi_Module_State_0_excActive__A                  
20004d00  __stack                                                                   
20005000  __STACK_END                                                               
e000e000  ti_sysbios_family_arm_m3_Hwi_nvic                                         
ffffffff  __TI_pprof_out_hndl                                                       
ffffffff  __TI_prof_data_size                                                       
ffffffff  __TI_prof_data_start                                                      
ffffffff  __binit__                                                                 
ffffffff  __c_args__                                                                
ffffffff  binit                                                                     
UNDEFED   HwiP_restore                                                              
UNDEFED   SHT$$INIT_ARRAY$$Base                                                     
UNDEFED   SHT$$INIT_ARRAY$$Limit                                                    
UNDEFED   ti_sysbios_BIOS_RtsGateProxy_Handle__label__S__mangled__                  
UNDEFED   ti_sysbios_BIOS_RtsGateProxy_Object__delete__S__mangled__                 
UNDEFED   ti_sysbios_BIOS_RtsGateProxy_Params__init__S__mangled__                   
UNDEFED   ti_sysbios_BIOS_RtsGateProxy_query__E__mangled__                          
UNDEFED   ti_sysbios_hal_Hwi_HwiProxy_Module__startupDone__S__mangled__             
UNDEFED   ti_sysbios_hal_Hwi_HwiProxy_Object__delete__S__mangled__                  
UNDEFED   ti_sysbios_hal_Hwi_HwiProxy_Params__init__S__mangled__                    
UNDEFED   ti_sysbios_hal_Hwi_HwiProxy_disableInterrupt__E__mangled__                
UNDEFED   ti_sysbios_hal_Hwi_HwiProxy_enableInterrupt__E__mangled__                 
UNDEFED   ti_sysbios_hal_Hwi_HwiProxy_getStackInfo__E__mangled__                    
UNDEFED   ti_sysbios_hal_Hwi_HwiProxy_startup__E__mangled__                         
UNDEFED   ti_sysbios_hal_Hwi_HwiProxy_switchFromBootStack__E__mangled__             
UNDEFED   ti_sysbios_hal_Hwi_disableInterrupt__E                                    
UNDEFED   ti_sysbios_hal_Hwi_enableInterrupt__E                                     
UNDEFED   ti_sysbios_hal_Hwi_getStackInfo__E                                        
UNDEFED   ti_sysbios_hal_Hwi_startup__E                                             
UNDEFED   ti_sysbios_hal_Hwi_switchFromBootStack__E                                 
UNDEFED   ti_sysbios_heaps_HeapMem_Module_GateProxy_Handle__label__S__mangled__     
UNDEFED   ti_sysbios_heaps_HeapMem_Module_GateProxy_Object__delete__S__mangled__    
UNDEFED   ti_sysbios_heaps_HeapMem_Module_GateProxy_Params__init__S__mangled__      
UNDEFED   ti_sysbios_heaps_HeapMem_Module_GateProxy_query__E__mangled__             
UNDEFED   ti_sysbios_knl_Clock_TimerProxy_Module__startupDone__S__mangled__         
UNDEFED   ti_sysbios_knl_Clock_TimerProxy_startup__E__mangled__                     
UNDEFED   ti_sysbios_knl_Task_SupportProxy_Module__startupDone__S__mangled__        
UNDEFED   ti_sysbios_knl_Task_SupportProxy_getStackAlignment__E__mangled__          
UNDEFED   ti_sysbios_knl_Task_SupportProxy_start__E__mangled__                      
UNDEFED   ti_sysbios_knl_Task_SupportProxy_swap__E__mangled__                       
UNDEFED   xdc_runtime_Main_Module_GateProxy_Handle__label__S                        
UNDEFED   xdc_runtime_Main_Module_GateProxy_Object__delete__S                       
UNDEFED   xdc_runtime_Main_Module_GateProxy_query__E                                
UNDEFED   xdc_runtime_Memory_HeapProxy_Handle__label__S__mangled__                  
UNDEFED   xdc_runtime_Memory_HeapProxy_Object__delete__S__mangled__                 
UNDEFED   xdc_runtime_System_Module_GateProxy_Handle__label__S__mangled__           
UNDEFED   xdc_runtime_System_Module_GateProxy_Object__delete__S__mangled__          
UNDEFED   xdc_runtime_System_Module_GateProxy_query__E__mangled__                   
UNDEFED   xdc_runtime_System_SupportProxy_abort__E                                  
UNDEFED   xdc_runtime_System_SupportProxy_exit__E                                   
UNDEFED   xdc_runtime_Timestamp_SupportProxy_get64__E__mangled__                    
UNDEFED   xdc_runtime_Timestamp_SupportProxy_getFreq__E__mangled__                  
UNDEFED   xdc_runtime_Timestamp_get32__E                                            
UNDEFED   xdc_runtime_Timestamp_get64__E                                            
UNDEFED   xdc_runtime_Timestamp_getFreq__E                                          

[855 symbols]
